Archive member included because of file (symbol)

c:/program files/gnu tools arm embedded/4.7 2012q4/bin/../lib/gcc/arm-none-eabi/4.7.3/../../../../arm-none-eabi/lib/armv7e-m\libg.a(lib_a-memcmp.o)
                              ..\obj\autoip.o (memcmp)
c:/program files/gnu tools arm embedded/4.7 2012q4/bin/../lib/gcc/arm-none-eabi/4.7.3/../../../../arm-none-eabi/lib/armv7e-m\libg.a(lib_a-memcpy.o)
                              ..\obj\ip_frag.o (memcpy)
c:/program files/gnu tools arm embedded/4.7 2012q4/bin/../lib/gcc/arm-none-eabi/4.7.3/../../../../arm-none-eabi/lib/armv7e-m\libg.a(lib_a-memset.o)
                              ..\obj\mem.o (memset)
c:/program files/gnu tools arm embedded/4.7 2012q4/bin/../lib/gcc/arm-none-eabi/4.7.3/../../../../arm-none-eabi/lib/armv7e-m\libg.a(lib_a-puts.o)
                              ..\obj\tcp_echoserver.o (puts)
c:/program files/gnu tools arm embedded/4.7 2012q4/bin/../lib/gcc/arm-none-eabi/4.7.3/../../../../arm-none-eabi/lib/armv7e-m\libg.a(lib_a-strlen.o)
                              c:/program files/gnu tools arm embedded/4.7 2012q4/bin/../lib/gcc/arm-none-eabi/4.7.3/../../../../arm-none-eabi/lib/armv7e-m\libg.a(lib_a-puts.o) (strlen)
c:/program files/gnu tools arm embedded/4.7 2012q4/bin/../lib/gcc/arm-none-eabi/4.7.3/../../../../arm-none-eabi/lib/armv7e-m\libg.a(lib_a-fvwrite.o)
                              c:/program files/gnu tools arm embedded/4.7 2012q4/bin/../lib/gcc/arm-none-eabi/4.7.3/../../../../arm-none-eabi/lib/armv7e-m\libg.a(lib_a-puts.o) (__sfvwrite_r)
c:/program files/gnu tools arm embedded/4.7 2012q4/bin/../lib/gcc/arm-none-eabi/4.7.3/../../../../arm-none-eabi/lib/armv7e-m\libg.a(lib_a-impure.o)
                              c:/program files/gnu tools arm embedded/4.7 2012q4/bin/../lib/gcc/arm-none-eabi/4.7.3/../../../../arm-none-eabi/lib/armv7e-m\libg.a(lib_a-puts.o) (_impure_ptr)
c:/program files/gnu tools arm embedded/4.7 2012q4/bin/../lib/gcc/arm-none-eabi/4.7.3/../../../../arm-none-eabi/lib/armv7e-m\libg.a(lib_a-mallocr.o)
                              c:/program files/gnu tools arm embedded/4.7 2012q4/bin/../lib/gcc/arm-none-eabi/4.7.3/../../../../arm-none-eabi/lib/armv7e-m\libg.a(lib_a-fvwrite.o) (_malloc_r)
c:/program files/gnu tools arm embedded/4.7 2012q4/bin/../lib/gcc/arm-none-eabi/4.7.3/../../../../arm-none-eabi/lib/armv7e-m\libg.a(lib_a-memchr.o)
                              c:/program files/gnu tools arm embedded/4.7 2012q4/bin/../lib/gcc/arm-none-eabi/4.7.3/../../../../arm-none-eabi/lib/armv7e-m\libg.a(lib_a-fvwrite.o) (memchr)
c:/program files/gnu tools arm embedded/4.7 2012q4/bin/../lib/gcc/arm-none-eabi/4.7.3/../../../../arm-none-eabi/lib/armv7e-m\libg.a(lib_a-memmove.o)
                              c:/program files/gnu tools arm embedded/4.7 2012q4/bin/../lib/gcc/arm-none-eabi/4.7.3/../../../../arm-none-eabi/lib/armv7e-m\libg.a(lib_a-fvwrite.o) (memmove)
c:/program files/gnu tools arm embedded/4.7 2012q4/bin/../lib/gcc/arm-none-eabi/4.7.3/../../../../arm-none-eabi/lib/armv7e-m\libg.a(lib_a-mlock.o)
                              c:/program files/gnu tools arm embedded/4.7 2012q4/bin/../lib/gcc/arm-none-eabi/4.7.3/../../../../arm-none-eabi/lib/armv7e-m\libg.a(lib_a-mallocr.o) (__malloc_lock)
c:/program files/gnu tools arm embedded/4.7 2012q4/bin/../lib/gcc/arm-none-eabi/4.7.3/../../../../arm-none-eabi/lib/armv7e-m\libg.a(lib_a-reallocr.o)
                              c:/program files/gnu tools arm embedded/4.7 2012q4/bin/../lib/gcc/arm-none-eabi/4.7.3/../../../../arm-none-eabi/lib/armv7e-m\libg.a(lib_a-fvwrite.o) (_realloc_r)
c:/program files/gnu tools arm embedded/4.7 2012q4/bin/../lib/gcc/arm-none-eabi/4.7.3/../../../../arm-none-eabi/lib/armv7e-m\libg.a(lib_a-sbrkr.o)
                              c:/program files/gnu tools arm embedded/4.7 2012q4/bin/../lib/gcc/arm-none-eabi/4.7.3/../../../../arm-none-eabi/lib/armv7e-m\libg.a(lib_a-mallocr.o) (_sbrk_r)
c:/program files/gnu tools arm embedded/4.7 2012q4/bin/../lib/gcc/arm-none-eabi/4.7.3/../../../../arm-none-eabi/lib/armv7e-m\libg.a(lib_a-wsetup.o)
                              c:/program files/gnu tools arm embedded/4.7 2012q4/bin/../lib/gcc/arm-none-eabi/4.7.3/../../../../arm-none-eabi/lib/armv7e-m\libg.a(lib_a-fvwrite.o) (__swsetup_r)
c:/program files/gnu tools arm embedded/4.7 2012q4/bin/../lib/gcc/arm-none-eabi/4.7.3/../../../../arm-none-eabi/lib/armv7e-m\libg.a(lib_a-fflush.o)
                              c:/program files/gnu tools arm embedded/4.7 2012q4/bin/../lib/gcc/arm-none-eabi/4.7.3/../../../../arm-none-eabi/lib/armv7e-m\libg.a(lib_a-fvwrite.o) (_fflush_r)
c:/program files/gnu tools arm embedded/4.7 2012q4/bin/../lib/gcc/arm-none-eabi/4.7.3/../../../../arm-none-eabi/lib/armv7e-m\libg.a(lib_a-findfp.o)
                              c:/program files/gnu tools arm embedded/4.7 2012q4/bin/../lib/gcc/arm-none-eabi/4.7.3/../../../../arm-none-eabi/lib/armv7e-m\libg.a(lib_a-wsetup.o) (__sinit)
[...]
Memory Configuration

Name             Origin             Length             Attributes
rom              0x08000000         0x00100000         xr
ram              0x20000000         0x00020000         xrw
ram1             0x10000000         0x00010000         xrw
*default*        0x00000000         0xffffffff

Linker script and memory map

                0x20020000                _eram = 0x20020000

.text           0x08000000     0xced8
 *(.isr_vector .isr_vector.*)
 .isr_vector    0x08000000      0x188 ..\obj\startup_stm32f4xx.o
                0x08000000                g_pfnVectors
 *(.text .text.* .gnu.linkonce.t.*)
 .text.SYSCFG_EXTILineConfig
                0x08000188       0xb0 ..\obj\stm32f4xx_syscfg.o
                0x08000188                SYSCFG_EXTILineConfig
 .text.SYSCFG_ETH_MediaInterfaceConfig
                0x08000238       0x20 ..\obj\stm32f4xx_syscfg.o
                0x08000238                SYSCFG_ETH_MediaInterfaceConfig
 .text.plug_holes
                0x08000258       0xf4 ..\obj\mem.o
 .text.mem_init
                0x0800034c       0xbc ..\obj\mem.o
                0x0800034c                mem_init
 .text.mem_free
                0x08000408       0x80 ..\obj\mem.o
                0x08000408                mem_free
 .text.mem_realloc
                0x08000488      0x1d8 ..\obj\mem.o
                0x08000488                mem_realloc
 .text.mem_malloc
                0x08000660      0x1b4 ..\obj\mem.o
                0x08000660                mem_malloc
 .text.tcp_tmr  0x08000814       0x3c ..\obj\tcp.o
                0x08000814                tcp_tmr
 .text.tcp_close
                0x08000850      0x1c4 ..\obj\tcp.o
                0x08000850                tcp_close
 .text.tcp_abandon
                0x08000a14       0xec ..\obj\tcp.o
                0x08000a14                tcp_abandon
 .text.tcp_bind
                0x08000b00      0x19c ..\obj\tcp.o
                0x08000b00                tcp_bind
 .text.tcp_accept_null
                0x08000c9c       0x20 ..\obj\tcp.o
 .text.tcp_listen_with_backlog
                0x08000cbc      0x158 ..\obj\tcp.o
                0x08000cbc                tcp_listen_with_backlog
 .text.tcp_update_rcv_ann_wnd
                0x08000e14       0x88 ..\obj\tcp.o
                0x08000e14                tcp_update_rcv_ann_wnd
 .text.tcp_recved
                0x08000e9c       0x64 ..\obj\tcp.o
                0x08000e9c                tcp_recved
 .text.tcp_new_port
                0x08000f00       0xe8 ..\obj\tcp.o
 .text.tcp_slowtmr
                0x08000fe8      0x44c ..\obj\tcp.o
                0x08000fe8                tcp_slowtmr
 .text.tcp_fasttmr
                0x08001434       0xbc ..\obj\tcp.o
                0x08001434                tcp_fasttmr
 .text.tcp_segs_free
                0x080014f0       0x3c ..\obj\tcp.o
                0x080014f0                tcp_segs_free
 .text.tcp_seg_free
                0x0800152c       0x40 ..\obj\tcp.o
                0x0800152c                tcp_seg_free
 .text.tcp_setprio
                0x0800156c       0x1c ..\obj\tcp.o
                0x0800156c                tcp_setprio
 .text.tcp_recv_null
                0x08001588       0x4c ..\obj\tcp.o
                0x08001588                tcp_recv_null
 .text.tcp_kill_prio
                0x080015d4       0x94 ..\obj\tcp.o
 .text.tcp_kill_timewait
                0x08001668       0x70 ..\obj\tcp.o
 .text.tcp_alloc
                0x080016d8      0x130 ..\obj\tcp.o
                0x080016d8                tcp_alloc
 .text.tcp_new  0x08001808       0x14 ..\obj\tcp.o
                0x08001808                tcp_new
 .text.tcp_arg  0x0800181c       0x1c ..\obj\tcp.o
                0x0800181c                tcp_arg
 .text.tcp_recv
                0x08001838       0x1c ..\obj\tcp.o
                0x08001838                tcp_recv
 .text.tcp_sent
                0x08001854       0x1c ..\obj\tcp.o
                0x08001854                tcp_sent
 .text.tcp_err  0x08001870       0x1c ..\obj\tcp.o
                0x08001870                tcp_err
 .text.tcp_accept
                0x0800188c       0x1c ..\obj\tcp.o
                0x0800188c                tcp_accept
 .text.tcp_poll
                0x080018a8       0x28 ..\obj\tcp.o
                0x080018a8                tcp_poll
 .text.tcp_pcb_purge
                0x080018d0       0x68 ..\obj\tcp.o
                0x080018d0                tcp_pcb_purge
 .text.tcp_pcb_remove
                0x08001938       0xd4 ..\obj\tcp.o
                0x08001938                tcp_pcb_remove
 .text.tcp_next_iss
                0x08001a0c       0x38 ..\obj\tcp.o
                0x08001a0c                tcp_next_iss
 .text.tcp_eff_send_mss
                0x08001a44       0x44 ..\obj\tcp.o
                0x08001a44                tcp_eff_send_mss
 .text.tcp_input
                0x08001a88      0x774 ..\obj\tcp_in.o
                0x08001a88                tcp_input
 .text.tcp_listen_input
                0x080021fc      0x21c ..\obj\tcp_in.o
 .text.tcp_timewait_input
                0x08002418      0x124 ..\obj\tcp_in.o
 .text.tcp_process
                0x0800253c      0x8e0 ..\obj\tcp_in.o
 .text.tcp_receive
                0x08002e1c      0xa60 ..\obj\tcp_in.o
 .text.tcp_parseopt
                0x0800387c      0x134 ..\obj\tcp_in.o
 .text.memp_init
                0x080039b0       0xbc ..\obj\memp.o
                0x080039b0                memp_init
 .text.memp_malloc
                0x08003a6c       0x4c ..\obj\memp.o
                0x08003a6c                memp_malloc
 .text.memp_free
                0x08003ab8       0x48 ..\obj\memp.o
                0x08003ab8                memp_free
 .text.autoip_handle_arp_conflict
                0x08003b00       0x48 ..\obj\autoip.o
 .text.autoip_create_addr
                0x08003b48       0x98 ..\obj\autoip.o
 .text.autoip_arp_announce
                0x08003be0       0x50 ..\obj\autoip.o
 .text.autoip_start
                0x08003c30       0xcc ..\obj\autoip.o
                0x08003c30                autoip_start
 .text.autoip_start_probing
                0x08003cfc       0x9c ..\obj\autoip.o
 .text.autoip_arp_reply
                0x08003d98       0xfc ..\obj\autoip.o
                0x08003d98                autoip_arp_reply
 .text.ip_reass_free_complete_datagram
                0x08003e94       0xcc ..\obj\ip_frag.o
 .text.ip_reass_remove_oldest_datagram
                0x08003f60       0xc4 ..\obj\ip_frag.o
 .text.ip_reass_enqueue_new_datagram
                0x08004024       0x90 ..\obj\ip_frag.o
 .text.ip_reass_dequeue_datagram
                0x080040b4       0x44 ..\obj\ip_frag.o
 .text.ip_reass_chain_frag_into_datagram_and_validate
                0x080040f8      0x23c ..\obj\ip_frag.o
 .text.ip_reass
                0x08004334      0x2bc ..\obj\ip_frag.o
                0x08004334                ip_reass
 .text.ip_frag  0x080045f0      0x1e0 ..\obj\ip_frag.o
                0x080045f0                ip_frag
 .text.Default_Reset_Handler
                0x080047d0       0x6c ..\obj\startup_stm32f4xx.o
                0x080047d0                Default_Reset_Handler
                0x080047d0                Reset_Handler
 .text.Default_Handler
                0x0800483c        0x8 ..\obj\startup_stm32f4xx.o
                0x0800483c                RTC_Alarm_IRQHandler
                0x0800483c                HASH_RNG_IRQHandler
                0x0800483c                EXTI2_IRQHandler
                0x0800483c                TIM8_CC_IRQHandler
                0x0800483c                TIM1_CC_IRQHandler
                0x0800483c                DMA2_Stream5_IRQHandler
                0x0800483c                DMA1_Stream5_IRQHandler
                0x0800483c                PVD_IRQHandler
                0x0800483c                SDIO_IRQHandler
                0x0800483c                TAMP_STAMP_IRQHandler
                0x0800483c                CAN2_RX1_IRQHandler
                0x0800483c                EXTI3_IRQHandler
                0x0800483c                TIM8_TRG_COM_TIM14_IRQHandler
                0x0800483c                TIM1_UP_TIM10_IRQHandler
                0x0800483c                TIM8_UP_TIM13_IRQHandler
                0x0800483c                I2C3_ER_IRQHandler
                0x0800483c                EXTI0_IRQHandler
                0x0800483c                I2C2_EV_IRQHandler
                0x0800483c                DMA1_Stream2_IRQHandler
                0x0800483c                CAN1_RX0_IRQHandler
                0x0800483c                FPU_IRQHandler
                0x0800483c                OTG_HS_WKUP_IRQHandler
                0x0800483c                CAN2_SCE_IRQHandler
                0x0800483c                DMA2_Stream2_IRQHandler
                0x0800483c                SPI1_IRQHandler
                0x0800483c                TIM6_DAC_IRQHandler
                0x0800483c                TIM1_BRK_TIM9_IRQHandler
                0x0800483c                DCMI_IRQHandler
                0x0800483c                CAN2_RX0_IRQHandler
                0x0800483c                DMA2_Stream3_IRQHandler
                0x0800483c                USART6_IRQHandler
                0x0800483c                USART3_IRQHandler
                0x0800483c                CRYP_IRQHandler
                0x0800483c                CAN1_RX1_IRQHandler
                0x0800483c                UART5_IRQHandler
                0x0800483c                DMA2_Stream0_IRQHandler
                0x0800483c                TIM4_IRQHandler
                0x0800483c                I2C1_EV_IRQHandler
                0x0800483c                DMA1_Stream6_IRQHandler
                0x0800483c                DMA1_Stream1_IRQHandler
                0x0800483c                UART4_IRQHandler
                0x0800483c                TIM3_IRQHandler
                0x0800483c                RCC_IRQHandler
                0x0800483c                TIM8_BRK_TIM12_IRQHandler
                0x0800483c                ADC_IRQHandler
                0x0800483c                DMA1_Stream7_IRQHandler
                0x0800483c                TIM7_IRQHandler
                0x0800483c                CAN2_TX_IRQHandler
                0x0800483c                TIM5_IRQHandler
                0x0800483c                DMA2_Stream7_IRQHandler
                0x0800483c                I2C3_EV_IRQHandler
                0x0800483c                EXTI9_5_IRQHandler
                0x0800483c                RTC_WKUP_IRQHandler
                0x0800483c                ETH_WKUP_IRQHandler
                0x0800483c                SPI2_IRQHandler
                0x0800483c                OTG_HS_EP1_IN_IRQHandler
                0x0800483c                DMA1_Stream0_IRQHandler
                0x0800483c                CAN1_TX_IRQHandler
                0x0800483c                EXTI4_IRQHandler
                0x0800483c                FSMC_IRQHandler
                0x0800483c                ETH_IRQHandler
                0x0800483c                OTG_HS_EP1_OUT_IRQHandler
                0x0800483c                WWDG_IRQHandler
                0x0800483c                TIM2_IRQHandler
                0x0800483c                OTG_FS_WKUP_IRQHandler
                0x0800483c                TIM1_TRG_COM_TIM11_IRQHandler
                0x0800483c                OTG_HS_IRQHandler
                0x0800483c                EXTI1_IRQHandler
                0x0800483c                USART2_IRQHandler
                0x0800483c                I2C2_ER_IRQHandler
                0x0800483c                DMA2_Stream1_IRQHandler
                0x0800483c                CAN1_SCE_IRQHandler
                0x0800483c                FLASH_IRQHandler
                0x0800483c                DMA2_Stream4_IRQHandler
                0x0800483c                USART1_IRQHandler
                0x0800483c                OTG_FS_IRQHandler
                0x0800483c                SPI3_IRQHandler
                0x0800483c                DMA1_Stream4_IRQHandler
                0x0800483c                I2C1_ER_IRQHandler
                0x0800483c                DMA2_Stream6_IRQHandler
                0x0800483c                DMA1_Stream3_IRQHandler
 .text.STM_EVAL_LEDInit
                0x08004844       0x6c ..\obj\stm32f4_discovery.o
                0x08004844                STM_EVAL_LEDInit
 .text.STM_EVAL_LEDOn
                0x080048b0       0x34 ..\obj\stm32f4_discovery.o
                0x080048b0                STM_EVAL_LEDOn
 .text.ETH_Delay
                0x080048e4       0x2c ..\obj\stm32f4x7_eth.o
 .text.ETH_DeInit
                0x08004910       0x20 ..\obj\stm32f4x7_eth.o
                0x08004910                ETH_DeInit
 .text.ETH_StructInit
                0x08004930      0x1a8 ..\obj\stm32f4x7_eth.o
                0x08004930                ETH_StructInit
 .text.ETH_Init
                0x08004ad8      0x474 ..\obj\stm32f4x7_eth.o
                0x08004ad8                ETH_Init
 .text.ETH_Start
                0x08004f4c       0x2c ..\obj\stm32f4x7_eth.o
                0x08004f4c                ETH_Start
 .text.ETH_MACTransmissionCmd
                0x08004f78       0x4c ..\obj\stm32f4x7_eth.o
                0x08004f78                ETH_MACTransmissionCmd
 .text.ETH_MACReceptionCmd
                0x08004fc4       0x4c ..\obj\stm32f4x7_eth.o
                0x08004fc4                ETH_MACReceptionCmd
 .text.ETH_MACAddressConfig
                0x08005010       0x7c ..\obj\stm32f4x7_eth.o
                0x08005010                ETH_MACAddressConfig
 .text.ETH_Get_Received_Frame
                0x0800508c       0xb0 ..\obj\stm32f4x7_eth.o
                0x0800508c                ETH_Get_Received_Frame
 .text.ETH_Prepare_Transmit_Descriptors
                0x0800513c      0x1f4 ..\obj\stm32f4x7_eth.o
                0x0800513c                ETH_Prepare_Transmit_Descriptors
 .text.ETH_DMARxDescChainInit
                0x08005330       0xc0 ..\obj\stm32f4x7_eth.o
                0x08005330                ETH_DMARxDescChainInit
 .text.ETH_CheckFrameReceived
                0x080053f0      0x14c ..\obj\stm32f4x7_eth.o
                0x080053f0                ETH_CheckFrameReceived
 .text.ETH_DMATxDescChainInit
                0x0800553c       0xa4 ..\obj\stm32f4x7_eth.o
                0x0800553c                ETH_DMATxDescChainInit
 .text.ETH_DMATxDescChecksumInsertionConfig
                0x080055e0       0x20 ..\obj\stm32f4x7_eth.o
                0x080055e0                ETH_DMATxDescChecksumInsertionConfig
 .text.ETH_SoftwareReset
                0x08005600       0x2c ..\obj\stm32f4x7_eth.o
                0x08005600                ETH_SoftwareReset
 .text.ETH_GetSoftwareResetStatus
                0x0800562c       0x40 ..\obj\stm32f4x7_eth.o
                0x0800562c                ETH_GetSoftwareResetStatus
 .text.ETH_FlushTransmitFIFO
                0x0800566c       0x34 ..\obj\stm32f4x7_eth.o
                0x0800566c                ETH_FlushTransmitFIFO
 .text.ETH_DMATransmissionCmd
                0x080056a0       0x6c ..\obj\stm32f4x7_eth.o
                0x080056a0                ETH_DMATransmissionCmd
 .text.ETH_DMAReceptionCmd
                0x0800570c       0x6c ..\obj\stm32f4x7_eth.o
                0x0800570c                ETH_DMAReceptionCmd
 .text.ETH_ReadPHYRegister
                0x08005778       0xc8 ..\obj\stm32f4x7_eth.o
                0x08005778                ETH_ReadPHYRegister
 .text.ETH_WritePHYRegister
                0x08005840       0xd0 ..\obj\stm32f4x7_eth.o
                0x08005840                ETH_WritePHYRegister
 .text.ip_addr_isbroadcast
                0x08005910       0x8c ..\obj\ip_addr.o
                0x08005910                ip_addr_isbroadcast
 .text.lwip_standard_chksum
                0x0800599c       0xb8 ..\obj\inet_chksum.o
 .text.inet_chksum
                0x08005a54       0x28 ..\obj\inet_chksum.o
                0x08005a54                inet_chksum
 .text.inet_chksum_pbuf
                0x08005a7c       0xbc ..\obj\inet_chksum.o
                0x08005a7c                inet_chksum_pbuf
 .text.main     0x08005b38       0x34 ..\obj\main.o
                0x08005b38                main
 .text.Time_Update
                0x08005b6c       0x24 ..\obj\main.o
                0x08005b6c                Time_Update
 .text.LCD_LED_Init
                0x08005b90       0x48 ..\obj\main.o
                0x08005b90                LCD_LED_Init
 .text.RCC_GetClocksFreq
                0x08005bd8      0x1cc ..\obj\stm32f4xx_rcc.o
                0x08005bd8                RCC_GetClocksFreq
 .text.RCC_AHB1PeriphClockCmd
                0x08005da4       0x54 ..\obj\stm32f4xx_rcc.o
                0x08005da4                RCC_AHB1PeriphClockCmd
 .text.RCC_APB2PeriphClockCmd
                0x08005df8       0x54 ..\obj\stm32f4xx_rcc.o
                0x08005df8                RCC_APB2PeriphClockCmd
 .text.RCC_AHB1PeriphResetCmd
                0x08005e4c       0x54 ..\obj\stm32f4xx_rcc.o
                0x08005e4c                RCC_AHB1PeriphResetCmd
 .text.LwIP_Init
                0x08005ea0       0x90 ..\obj\netconf.o
                0x08005ea0                LwIP_Init
 .text.LwIP_Pkt_Handle
                0x08005f30       0x14 ..\obj\netconf.o
                0x08005f30                LwIP_Pkt_Handle
 .text.LwIP_Periodic_Handle
                0x08005f44       0x58 ..\obj\netconf.o
                0x08005f44                LwIP_Periodic_Handle
 .text.NMI_Handler
                0x08005f9c        0xc ..\obj\stm32f4xx_it.o
                0x08005f9c                NMI_Handler
 .text.HardFault_Handler
                0x08005fa8        0x8 ..\obj\stm32f4xx_it.o
                0x08005fa8                HardFault_Handler
 .text.MemManage_Handler
                0x08005fb0        0x8 ..\obj\stm32f4xx_it.o
                0x08005fb0                MemManage_Handler
 .text.BusFault_Handler
                0x08005fb8        0x8 ..\obj\stm32f4xx_it.o
                0x08005fb8                BusFault_Handler
 .text.UsageFault_Handler
                0x08005fc0        0x8 ..\obj\stm32f4xx_it.o
                0x08005fc0                UsageFault_Handler
 .text.SVC_Handler
                0x08005fc8        0xc ..\obj\stm32f4xx_it.o
                0x08005fc8                SVC_Handler
 .text.DebugMon_Handler
                0x08005fd4        0xc ..\obj\stm32f4xx_it.o
                0x08005fd4                DebugMon_Handler
 .text.PendSV_Handler
                0x08005fe0        0xc ..\obj\stm32f4xx_it.o
                0x08005fe0                PendSV_Handler
 .text.SysTick_Handler
                0x08005fec        0xc ..\obj\stm32f4xx_it.o
                0x08005fec                SysTick_Handler
 .text.EXTI15_10_IRQHandler
                0x08005ff8       0x24 ..\obj\stm32f4xx_it.o
                0x08005ff8                EXTI15_10_IRQHandler
 .text.tcp_echoserver_init
                0x0800601c       0xa8 ..\obj\tcp_echoserver.o
                0x0800601c                tcp_echoserver_init
 .text.tcp_echoserver_accept
                0x080060c4       0x90 ..\obj\tcp_echoserver.o
 .text.tcp_echoserver_recv
                0x08006154      0x10c ..\obj\tcp_echoserver.o
 .text.tcp_echoserver_error
                0x08006260       0x24 ..\obj\tcp_echoserver.o
 .text.tcp_echoserver_poll
                0x08006284       0x5c ..\obj\tcp_echoserver.o
 .text.tcp_echoserver_sent
                0x080062e0       0x44 ..\obj\tcp_echoserver.o
 .text.tcp_echoserver_send
                0x08006324       0xa4 ..\obj\tcp_echoserver.o
 .text.tcp_echoserver_connection_close
                0x080063c8       0x5c ..\obj\tcp_echoserver.o
 .text.NVIC_SetPriority
                0x08006424       0x5c ..\obj\stm32f4x7_eth_bsp.o
 .text.SysTick_Config
                0x08006480       0x64 ..\obj\stm32f4x7_eth_bsp.o
 .text.ETH_BSP_Config
                0x080064e4       0x5c ..\obj\stm32f4x7_eth_bsp.o
                0x080064e4                ETH_BSP_Config
 .text.ETH_MACDMA_Config
                0x08006540       0xe0 ..\obj\stm32f4x7_eth_bsp.o
 .text.ETH_GPIO_Config
                0x08006620      0x144 ..\obj\stm32f4x7_eth_bsp.o
 .text.Eth_Link_PHYITConfig
                0x08006764       0x8c ..\obj\stm32f4x7_eth_bsp.o
                0x08006764                Eth_Link_PHYITConfig
 .text.Eth_Link_EXTIConfig
                0x080067f0       0xa4 ..\obj\stm32f4x7_eth_bsp.o
                0x080067f0                Eth_Link_EXTIConfig
 .text.Eth_Link_ITHandler
                0x08006894       0x44 ..\obj\stm32f4x7_eth_bsp.o
                0x08006894                Eth_Link_ITHandler
 .text.low_level_init
                0x080068d8       0xdc ..\obj\ethernetif.o
 .text.low_level_output
                0x080069b4       0x6c ..\obj\ethernetif.o
 .text.low_level_input
                0x08006a20      0x130 ..\obj\ethernetif.o
 .text.ethernetif_input
                0x08006b50       0x4c ..\obj\ethernetif.o
                0x08006b50                ethernetif_input
 .text.ethernetif_init
                0x08006b9c       0x4c ..\obj\ethernetif.o
                0x08006b9c                ethernetif_init
 .text.free_etharp_q
                0x08006be8       0x38 ..\obj\etharp.o
 .text.etharp_tmr
                0x08006c20      0x17c ..\obj\etharp.o
                0x08006c20                etharp_tmr
 .text.find_entry
                0x08006d9c      0x3f8 ..\obj\etharp.o
 .text.etharp_send_ip
                0x08007194       0x6c ..\obj\etharp.o
 .text.update_arp_entry
                0x08007200      0x1ac ..\obj\etharp.o
 .text.etharp_ip_input
                0x080073ac       0x58 ..\obj\etharp.o
                0x080073ac                etharp_ip_input
 .text.etharp_arp_input
                0x08007404      0x220 ..\obj\etharp.o
                0x08007404                etharp_arp_input
 .text.etharp_output
                0x08007624      0x114 ..\obj\etharp.o
                0x08007624                etharp_output
 .text.etharp_query
                0x08007738      0x2dc ..\obj\etharp.o
                0x08007738                etharp_query
 .text.etharp_raw
                0x08007a14      0x15c ..\obj\etharp.o
                0x08007a14                etharp_raw
 .text.etharp_request
                0x08007b70       0x50 ..\obj\etharp.o
                0x08007b70                etharp_request
 .text.ethernet_input
                0x08007bc0       0x94 ..\obj\etharp.o
                0x08007bc0                ethernet_input
 .text.pbuf_alloc
                0x08007c54      0x234 ..\obj\pbuf.o
                0x08007c54                pbuf_alloc
 .text.pbuf_realloc
                0x08007e88       0xcc ..\obj\pbuf.o
                0x08007e88                pbuf_realloc
 .text.pbuf_header
                0x08007f54       0xf4 ..\obj\pbuf.o
                0x08007f54                pbuf_header
 .text.pbuf_free
                0x08008048       0xb0 ..\obj\pbuf.o
                0x08008048                pbuf_free
 .text.pbuf_clen
                0x080080f8       0x34 ..\obj\pbuf.o
                0x080080f8                pbuf_clen
 .text.pbuf_ref
                0x0800812c       0x28 ..\obj\pbuf.o
                0x0800812c                pbuf_ref
 .text.pbuf_cat
                0x08008154       0x5c ..\obj\pbuf.o
                0x08008154                pbuf_cat
 .text.pbuf_chain
                0x080081b0       0x20 ..\obj\pbuf.o
                0x080081b0                pbuf_chain
 .text.pbuf_copy
                0x080081d0      0x110 ..\obj\pbuf.o
                0x080081d0                pbuf_copy
 .text.pbuf_copy_partial
                0x080082e0       0xd4 ..\obj\pbuf.o
                0x080082e0                pbuf_copy_partial
 .text.htons    0x080083b4       0x30 ..\obj\inet.o
                0x080083b4                htons
 .text.ntohs    0x080083e4       0x20 ..\obj\inet.o
                0x080083e4                ntohs
 .text.htonl    0x08008404       0x3c ..\obj\inet.o
                0x08008404                htonl
 .text.ntohl    0x08008440       0x1c ..\obj\inet.o
                0x08008440                ntohl
 .text.netif_add
                0x0800845c       0xb4 ..\obj\netif.o
                0x0800845c                netif_add
 .text.netif_set_addr
                0x08008510       0x30 ..\obj\netif.o
                0x08008510                netif_set_addr
 .text.netif_set_ipaddr
                0x08008540       0xb8 ..\obj\netif.o
                0x08008540                netif_set_ipaddr
 .text.netif_set_gw
                0x080085f8       0x28 ..\obj\netif.o
                0x080085f8                netif_set_gw
 .text.netif_set_netmask
                0x08008620       0x28 ..\obj\netif.o
                0x08008620                netif_set_netmask
 .text.netif_set_default
                0x08008648       0x20 ..\obj\netif.o
                0x08008648                netif_set_default
 .text.netif_set_up
                0x08008668       0x4c ..\obj\netif.o
                0x08008668                netif_set_up
 .text.netif_set_down
                0x080086b4       0x34 ..\obj\netif.o
                0x080086b4                netif_set_down
 .text.netif_is_up
                0x080086e8       0x28 ..\obj\netif.o
                0x080086e8                netif_is_up
 .text.GPIO_Init
                0x08008710      0x144 ..\obj\stm32f4xx_gpio.o
                0x08008710                GPIO_Init
 .text.GPIO_PinAFConfig
                0x08008854       0xa8 ..\obj\stm32f4xx_gpio.o
                0x08008854                GPIO_PinAFConfig
 .text._sbrk    0x080088fc       0x5c ..\obj\syscalls.o
                0x080088fc                _sbrk
 .text._close   0x08008958       0x18 ..\obj\syscalls.o
                0x08008958                _close
 .text._fstat   0x08008970       0x24 ..\obj\syscalls.o
                0x08008970                _fstat
 .text._isatty  0x08008994       0x18 ..\obj\syscalls.o
                0x08008994                _isatty
 .text._lseek   0x080089ac       0x1c ..\obj\syscalls.o
                0x080089ac                _lseek
 .text._read    0x080089c8       0x1c ..\obj\syscalls.o
                0x080089c8                _read
 .text._write   0x080089e4       0x1c ..\obj\syscalls.o
                0x080089e4                _write
 .text.udp_input
                0x08008a00      0x2c8 ..\obj\udp.o
                0x08008a00                udp_input
 .text.udp_sendto_if
                0x08008cc8      0x140 ..\obj\udp.o
                0x08008cc8                udp_sendto_if
 .text.udp_bind
                0x08008e08       0xe4 ..\obj\udp.o
                0x08008e08                udp_bind
 .text.ip_route
                0x08008eec       0x84 ..\obj\ip.o
                0x08008eec                ip_route
 .text.ip_input
                0x08008f70      0x2b4 ..\obj\ip.o
                0x08008f70                ip_input
 .text.ip_output_if
                0x08009224      0x1c8 ..\obj\ip.o
                0x08009224                ip_output_if
 .text.ip_output
                0x080093ec       0x4c ..\obj\ip.o
                0x080093ec                ip_output
 .text.EXTI_Init
                0x08009438      0x138 ..\obj\stm32f4xx_exti.o
                0x08009438                EXTI_Init
 .text.EXTI_GetITStatus
                0x08009570       0x58 ..\obj\stm32f4xx_exti.o
                0x08009570                EXTI_GetITStatus
 .text.EXTI_ClearITPendingBit
                0x080095c8       0x20 ..\obj\stm32f4xx_exti.o
                0x080095c8                EXTI_ClearITPendingBit
 .text.icmp_input
                0x080095e8      0x238 ..\obj\icmp.o
                0x080095e8                icmp_input
 .text.icmp_dest_unreach
                0x08009820       0x24 ..\obj\icmp.o
                0x08009820                icmp_dest_unreach
 .text.icmp_time_exceeded
                0x08009844       0x24 ..\obj\icmp.o
                0x08009844                icmp_time_exceeded
 .text.icmp_send_response
                0x08009868       0xcc ..\obj\icmp.o
 .text.NVIC_PriorityGroupConfig
                0x08009934       0x28 ..\obj\misc.o
                0x08009934                NVIC_PriorityGroupConfig
 .text.NVIC_Init
                0x0800995c       0xe4 ..\obj\misc.o
                0x0800995c                NVIC_Init
 .text.SysTick_CLKSourceConfig
                0x08009a40       0x4c ..\obj\misc.o
                0x08009a40                SysTick_CLKSourceConfig
 .text.dhcp_arp_reply
                0x08009a8c       0x40 ..\obj\dhcp.o
                0x08009a8c                dhcp_arp_reply
 .text.dhcp_decline
                0x08009acc       0xf0 ..\obj\dhcp.o
 .text.dhcp_set_state
                0x08009bbc       0x30 ..\obj\dhcp.o
 .text.dhcp_option
                0x08009bec       0x54 ..\obj\dhcp.o
 .text.dhcp_option_byte
                0x08009c40       0x34 ..\obj\dhcp.o
 .text.dhcp_option_long
                0x08009c74       0xa0 ..\obj\dhcp.o
 .text.dhcp_create_request
                0x08009d14      0x24c ..\obj\dhcp.o
 .text.dhcp_delete_request
                0x08009f60       0x44 ..\obj\dhcp.o
 .text.dhcp_option_trailer
                0x08009fa4       0x6c ..\obj\dhcp.o
 .text.tcp_output_set_header
                0x0800a010      0x100 ..\obj\tcp_out.o
 .text.tcp_send_ctrl
                0x0800a110       0x34 ..\obj\tcp_out.o
                0x0800a110                tcp_send_ctrl
 .text.tcp_write
                0x0800a144       0x68 ..\obj\tcp_out.o
                0x0800a144                tcp_write
 .text.tcp_enqueue
                0x0800a1ac      0x60c ..\obj\tcp_out.o
                0x0800a1ac                tcp_enqueue
 .text.tcp_send_empty_ack
                0x0800a7b8       0x94 ..\obj\tcp_out.o
                0x0800a7b8                tcp_send_empty_ack
 .text.tcp_output
                0x0800a84c      0x2f0 ..\obj\tcp_out.o
                0x0800a84c                tcp_output
 .text.tcp_output_segment
                0x0800ab3c      0x15c ..\obj\tcp_out.o
 .text.tcp_rst  0x0800ac98      0x10c ..\obj\tcp_out.o
                0x0800ac98                tcp_rst
 .text.tcp_rexmit_rto
                0x0800ada4       0x6c ..\obj\tcp_out.o
                0x0800ada4                tcp_rexmit_rto
 .text.tcp_rexmit
                0x0800ae10       0x90 ..\obj\tcp_out.o
                0x0800ae10                tcp_rexmit
 .text.tcp_rexmit_fast
                0x0800aea0       0xb8 ..\obj\tcp_out.o
                0x0800aea0                tcp_rexmit_fast
 .text.tcp_keepalive
                0x0800af58       0x70 ..\obj\tcp_out.o
                0x0800af58                tcp_keepalive
 .text.tcp_zero_window_probe
                0x0800afc8       0xfc ..\obj\tcp_out.o
                0x0800afc8                tcp_zero_window_probe
 .text.raw_input
                0x0800b0c4       0xc8 ..\obj\raw.o
                0x0800b0c4                raw_input
 .text.memcmp   0x0800b18c       0xb8 c:/program files/gnu tools arm embedded/4.7 2012q4/bin/../lib/gcc/arm-none-eabi/4.7.3/../../../../arm-none-eabi/lib/armv7e-m\libg.a(lib_a-memcmp.o)
                0x0800b18c                memcmp
 .text.memcpy   0x0800b244      0x144 c:/program files/gnu tools arm embedded/4.7 2012q4/bin/../lib/gcc/arm-none-eabi/4.7.3/../../../../arm-none-eabi/lib/armv7e-m\libg.a(lib_a-memcpy.o)
                0x0800b244                memcpy
 .text.memset   0x0800b388      0x12c c:/program files/gnu tools arm embedded/4.7 2012q4/bin/../lib/gcc/arm-none-eabi/4.7.3/../../../../arm-none-eabi/lib/armv7e-m\libg.a(lib_a-memset.o)
                0x0800b388                memset
 .text._puts_r  0x0800b4b4       0x68 c:/program files/gnu tools arm embedded/4.7 2012q4/bin/../lib/gcc/arm-none-eabi/4.7.3/../../../../arm-none-eabi/lib/armv7e-m\libg.a(lib_a-puts.o)
                0x0800b4b4                _puts_r
 .text.puts     0x0800b51c       0x10 c:/program files/gnu tools arm embedded/4.7 2012q4/bin/../lib/gcc/arm-none-eabi/4.7.3/../../../../arm-none-eabi/lib/armv7e-m\libg.a(lib_a-puts.o)
                0x0800b51c                puts
 .text.strlen   0x0800b52c       0x60 c:/program files/gnu tools arm embedded/4.7 2012q4/bin/../lib/gcc/arm-none-eabi/4.7.3/../../../../arm-none-eabi/lib/armv7e-m\libg.a(lib_a-strlen.o)
                0x0800b52c                strlen
 .text.__sfvwrite_r
                0x0800b58c      0x314 c:/program files/gnu tools arm embedded/4.7 2012q4/bin/../lib/gcc/arm-none-eabi/4.7.3/../../../../arm-none-eabi/lib/armv7e-m\libg.a(lib_a-fvwrite.o)
                0x0800b58c                __sfvwrite_r
 .text._malloc_r
                0x0800b8a0      0x55c c:/program files/gnu tools arm embedded/4.7 2012q4/bin/../lib/gcc/arm-none-eabi/4.7.3/../../../../arm-none-eabi/lib/armv7e-m\libg.a(lib_a-mallocr.o)
                0x0800b8a0                _malloc_r
 .text.memchr   0x0800bdfc      0x140 c:/program files/gnu tools arm embedded/4.7 2012q4/bin/../lib/gcc/arm-none-eabi/4.7.3/../../../../arm-none-eabi/lib/armv7e-m\libg.a(lib_a-memchr.o)
                0x0800bdfc                memchr
 .text.memmove  0x0800bf3c      0x198 c:/program files/gnu tools arm embedded/4.7 2012q4/bin/../lib/gcc/arm-none-eabi/4.7.3/../../../../arm-none-eabi/lib/armv7e-m\libg.a(lib_a-memmove.o)
                0x0800bf3c                memmove
 .text.__malloc_lock
                0x0800c0d4        0x4 c:/program files/gnu tools arm embedded/4.7 2012q4/bin/../lib/gcc/arm-none-eabi/4.7.3/../../../../arm-none-eabi/lib/armv7e-m\libg.a(lib_a-mlock.o)
                0x0800c0d4                __malloc_lock
 .text.__malloc_unlock
                0x0800c0d8        0x4 c:/program files/gnu tools arm embedded/4.7 2012q4/bin/../lib/gcc/arm-none-eabi/4.7.3/../../../../arm-none-eabi/lib/armv7e-m\libg.a(lib_a-mlock.o)
                0x0800c0d8                __malloc_unlock
 .text._realloc_r
                0x0800c0dc      0x3dc c:/program files/gnu tools arm embedded/4.7 2012q4/bin/../lib/gcc/arm-none-eabi/4.7.3/../../../../arm-none-eabi/lib/armv7e-m\libg.a(lib_a-reallocr.o)
                0x0800c0dc                _realloc_r
 .text._sbrk_r  0x0800c4b8       0x24 c:/program files/gnu tools arm embedded/4.7 2012q4/bin/../lib/gcc/arm-none-eabi/4.7.3/../../../../arm-none-eabi/lib/armv7e-m\libg.a(lib_a-sbrkr.o)
                0x0800c4b8                _sbrk_r
 .text.__swsetup_r
                0x0800c4dc       0xc4 c:/program files/gnu tools arm embedded/4.7 2012q4/bin/../lib/gcc/arm-none-eabi/4.7.3/../../../../arm-none-eabi/lib/armv7e-m\libg.a(lib_a-wsetup.o)
                0x0800c4dc                __swsetup_r
 .text._fflush_r
                0x0800c5a0      0x168 c:/program files/gnu tools arm embedded/4.7 2012q4/bin/../lib/gcc/arm-none-eabi/4.7.3/../../../../arm-none-eabi/lib/armv7e-m\libg.a(lib_a-fflush.o)
                0x0800c5a0                _fflush_r
 .text._cleanup_r
                0x0800c708        0xc c:/program files/gnu tools arm embedded/4.7 2012q4/bin/../lib/gcc/arm-none-eabi/4.7.3/../../../../arm-none-eabi/lib/armv7e-m\libg.a(lib_a-findfp.o)
                0x0800c708                _cleanup_r
 .text.std.isra.0
                0x0800c714       0x50 c:/program files/gnu tools arm embedded/4.7 2012q4/bin/../lib/gcc/arm-none-eabi/4.7.3/../../../../arm-none-eabi/lib/armv7e-m\libg.a(lib_a-findfp.o)
 .text.__sinit  0x0800c764       0x4c c:/program files/gnu tools arm embedded/4.7 2012q4/bin/../lib/gcc/arm-none-eabi/4.7.3/../../../../arm-none-eabi/lib/armv7e-m\libg.a(lib_a-findfp.o)
                0x0800c764                __sinit
 .text.__sfp_lock_acquire
                0x0800c7b0        0x4 c:/program files/gnu tools arm embedded/4.7 2012q4/bin/../lib/gcc/arm-none-eabi/4.7.3/../../../../arm-none-eabi/lib/armv7e-m\libg.a(lib_a-findfp.o)
                0x0800c7b0                __sfp_lock_acquire
 .text.__sfp_lock_release
                0x0800c7b4        0x4 c:/program files/gnu tools arm embedded/4.7 2012q4/bin/../lib/gcc/arm-none-eabi/4.7.3/../../../../arm-none-eabi/lib/armv7e-m\libg.a(lib_a-findfp.o)
                0x0800c7b4                __sfp_lock_release
 .text._malloc_trim_r
                0x0800c7b8       0x98 c:/program files/gnu tools arm embedded/4.7 2012q4/bin/../lib/gcc/arm-none-eabi/4.7.3/../../../../arm-none-eabi/lib/armv7e-m\libg.a(lib_a-freer.o)
                0x0800c7b8                _malloc_trim_r
 .text._free_r  0x0800c850      0x194 c:/program files/gnu tools arm embedded/4.7 2012q4/bin/../lib/gcc/arm-none-eabi/4.7.3/../../../../arm-none-eabi/lib/armv7e-m\libg.a(lib_a-freer.o)
                0x0800c850                _free_r
 .text._fwalk   0x0800c9e4       0xb8 c:/program files/gnu tools arm embedded/4.7 2012q4/bin/../lib/gcc/arm-none-eabi/4.7.3/../../../../arm-none-eabi/lib/armv7e-m\libg.a(lib_a-fwalk.o)
                0x0800c9e4                _fwalk
 .text.__smakebuf_r
                0x0800ca9c       0xe8 c:/program files/gnu tools arm embedded/4.7 2012q4/bin/../lib/gcc/arm-none-eabi/4.7.3/../../../../arm-none-eabi/lib/armv7e-m\libg.a(lib_a-makebuf.o)
                0x0800ca9c                __smakebuf_r
 .text.__sread  0x0800cb84       0x24 c:/program files/gnu tools arm embedded/4.7 2012q4/bin/../lib/gcc/arm-none-eabi/4.7.3/../../../../arm-none-eabi/lib/armv7e-m\libg.a(lib_a-stdio.o)
                0x0800cb84                __sread
 .text.__swrite
                0x0800cba8       0x44 c:/program files/gnu tools arm embedded/4.7 2012q4/bin/../lib/gcc/arm-none-eabi/4.7.3/../../../../arm-none-eabi/lib/armv7e-m\libg.a(lib_a-stdio.o)
                0x0800cba8                __swrite
 .text.__sseek  0x0800cbec       0x24 c:/program files/gnu tools arm embedded/4.7 2012q4/bin/../lib/gcc/arm-none-eabi/4.7.3/../../../../arm-none-eabi/lib/armv7e-m\libg.a(lib_a-stdio.o)
                0x0800cbec                __sseek
 .text.__sclose
                0x0800cc10        0x8 c:/program files/gnu tools arm embedded/4.7 2012q4/bin/../lib/gcc/arm-none-eabi/4.7.3/../../../../arm-none-eabi/lib/armv7e-m\libg.a(lib_a-stdio.o)
                0x0800cc10                __sclose
 .text._write_r
                0x0800cc18       0x28 c:/program files/gnu tools arm embedded/4.7 2012q4/bin/../lib/gcc/arm-none-eabi/4.7.3/../../../../arm-none-eabi/lib/armv7e-m\libg.a(lib_a-writer.o)
                0x0800cc18                _write_r
 .text._close_r
                0x0800cc40       0x24 c:/program files/gnu tools arm embedded/4.7 2012q4/bin/../lib/gcc/arm-none-eabi/4.7.3/../../../../arm-none-eabi/lib/armv7e-m\libg.a(lib_a-closer.o)
                0x0800cc40                _close_r
 .text._fclose_r
                0x0800cc64       0x94 c:/program files/gnu tools arm embedded/4.7 2012q4/bin/../lib/gcc/arm-none-eabi/4.7.3/../../../../arm-none-eabi/lib/armv7e-m\libg.a(lib_a-fclose.o)
                0x0800cc64                _fclose_r
 .text.fclose   0x0800ccf8       0x10 c:/program files/gnu tools arm embedded/4.7 2012q4/bin/../lib/gcc/arm-none-eabi/4.7.3/../../../../arm-none-eabi/lib/armv7e-m\libg.a(lib_a-fclose.o)
                0x0800ccf8                fclose
 .text._fstat_r
                0x0800cd08       0x28 c:/program files/gnu tools arm embedded/4.7 2012q4/bin/../lib/gcc/arm-none-eabi/4.7.3/../../../../arm-none-eabi/lib/armv7e-m\libg.a(lib_a-fstatr.o)
                0x0800cd08                _fstat_r
 .text._isatty_r
                0x0800cd30       0x24 c:/program files/gnu tools arm embedded/4.7 2012q4/bin/../lib/gcc/arm-none-eabi/4.7.3/../../../../arm-none-eabi/lib/armv7e-m\libg.a(lib_a-isattyr.o)
                0x0800cd30                _isatty_r
 .text._lseek_r
                0x0800cd54       0x28 c:/program files/gnu tools arm embedded/4.7 2012q4/bin/../lib/gcc/arm-none-eabi/4.7.3/../../../../arm-none-eabi/lib/armv7e-m\libg.a(lib_a-lseekr.o)
                0x0800cd54                _lseek_r
 .text._read_r  0x0800cd7c       0x28 c:/program files/gnu tools arm embedded/4.7 2012q4/bin/../lib/gcc/arm-none-eabi/4.7.3/../../../../arm-none-eabi/lib/armv7e-m\libg.a(lib_a-readr.o)
                0x0800cd7c                _read_r
 *(.glue_7t)
 .glue_7t       0x00000000        0x0 linker stubs
 *(.glue_7)
 .glue_7        0x00000000        0x0 linker stubs
 *(.rodata .rodata* .gnu.linkonce.r.*)
 .rodata        0x0800cda4       0x90 ..\obj\tcp.o
                0x0800ce1c                tcp_backoff
                0x0800ce2c                tcp_persist_backoff
 .rodata        0x0800ce34       0x28 ..\obj\memp.o
 .rodata        0x0800ce5c       0x30 ..\obj\stm32f4_discovery.o
                0x0800ce5c                GPIO_PIN
                0x0800ce64                GPIO_CLK
                0x0800ce74                BUTTON_PIN
                0x0800ce78                BUTTON_CLK
                0x0800ce7c                BUTTON_EXTI_LINE
                0x0800ce80                BUTTON_PORT_SOURCE
                0x0800ce84                BUTTON_PIN_SOURCE
                0x0800ce88                BUTTON_IRQn
 .rodata        0x0800ce8c        0x8 ..\obj\ip_addr.o
                0x0800ce8c                ip_addr_any
                0x0800ce90                ip_addr_broadcast
 .rodata        0x0800ce94       0x2c ..\obj\tcp_echoserver.o
 .rodata        0x0800cec0       0x10 ..\obj\etharp.o
                0x0800cec0                ethbroadcast
                0x0800cec8                ethzero
 .rodata.str1.4
                0x0800ced0        0x2 c:/program files/gnu tools arm embedded/4.7 2012q4/bin/../lib/gcc/arm-none-eabi/4.7.3/../../../../arm-none-eabi/lib/armv7e-m\libg.a(lib_a-puts.o)
                                  0x4 (size before relaxing)
 *fill*         0x0800ced2        0x2 00
 .rodata.str1.4
                0x0800ced4        0x4 c:/program files/gnu tools arm embedded/4.7 2012q4/bin/../lib/gcc/arm-none-eabi/4.7.3/../../../../arm-none-eabi/lib/armv7e-m\libg.a(lib_a-impure.o)

.vfp11_veneer   0x0800ced8        0x0
 .vfp11_veneer  0x00000000        0x0 linker stubs

.v4_bx          0x0800ced8        0x0
 .v4_bx         0x00000000        0x0 linker stubs

.iplt           0x0800ced8        0x0
 .iplt          0x00000000        0x0 ..\obj\stm32f4xx_syscfg.o

.rel.dyn        0x0800ced8        0x0
 .rel.iplt      0x00000000        0x0 ..\obj\stm32f4xx_syscfg.o

.ARM.extab
 *(.ARM.extab* .gnu.linkonce.armextab.*)
                0x0800ced8                __exidx_start = .

.ARM.exidx
 *(.ARM.exidx* .gnu.linkonce.armexidx.*)
                0x0800ced8                __exidx_end = .
                0x0800ced8                . = ALIGN (0x4)
                0x0800ced8                _etext = .
                0x0800ced8                _sidata = .

.data           0x20000000      0x89c load address 0x0800ced8
                0x20000000                _sdata = .
 *(.data .data.*)
 .data          0x20000000       0x34 ..\obj\tcp.o
                0x20000000                tcp_state_str
 .data          0x20000034       0x14 ..\obj\stm32f4_discovery.o
                0x20000034                GPIO_PORT
                0x20000044                BUTTON_PORT
 .data          0x20000048       0x10 ..\obj\stm32f4xx_rcc.o
 .data          0x20000058        0x4 ..\obj\dhcp.o
 *fill*         0x2000005c        0x4 00
 .data.impure_data
                0x20000060      0x428 c:/program files/gnu tools arm embedded/4.7 2012q4/bin/../lib/gcc/arm-none-eabi/4.7.3/../../../../arm-none-eabi/lib/armv7e-m\libg.a(lib_a-impure.o)
 .data._impure_ptr
                0x20000488        0x4 c:/program files/gnu tools arm embedded/4.7 2012q4/bin/../lib/gcc/arm-none-eabi/4.7.3/../../../../arm-none-eabi/lib/armv7e-m\libg.a(lib_a-impure.o)
                0x20000488                _impure_ptr
 .data.__malloc_av_
                0x2000048c      0x408 c:/program files/gnu tools arm embedded/4.7 2012q4/bin/../lib/gcc/arm-none-eabi/4.7.3/../../../../arm-none-eabi/lib/armv7e-m\libg.a(lib_a-mallocr.o)
                0x2000048c                __malloc_av_
 .data.__malloc_trim_threshold
                0x20000894        0x4 c:/program files/gnu tools arm embedded/4.7 2012q4/bin/../lib/gcc/arm-none-eabi/4.7.3/../../../../arm-none-eabi/lib/armv7e-m\libg.a(lib_a-mallocr.o)
                0x20000894                __malloc_trim_threshold
 .data.__malloc_sbrk_base
                0x20000898        0x4 c:/program files/gnu tools arm embedded/4.7 2012q4/bin/../lib/gcc/arm-none-eabi/4.7.3/../../../../arm-none-eabi/lib/armv7e-m\libg.a(lib_a-mallocr.o)
                0x20000898                __malloc_sbrk_base
                0x2000089c                . = ALIGN (0x4)
                0x2000089c                _edata = .

.igot.plt       0x2000089c        0x0 load address 0x0800d774
 .igot.plt      0x00000000        0x0 ..\obj\stm32f4xx_syscfg.o

.bss            0x2000089c     0xba4c load address 0x0800d774
                0x2000089c                _sbss = .
 *(.bss .bss.*)
 .bss           0x2000089c     0x2824 ..\obj\mem.o
 .bss           0x200030c0        0x1 ..\obj\tcp.o
 *fill*         0x200030c1        0x3 00
 .bss           0x200030c4       0x30 ..\obj\tcp_in.o
 .bss           0x200030f4     0x4d90 ..\obj\memp.o
 .bss           0x20007e84      0x5e8 ..\obj\ip_frag.o
 .bss           0x2000846c        0x4 ..\obj\main.o
                0x2000846c                LocalTime
 .bss           0x20008470        0xc ..\obj\netconf.o
                0x20008470                TCPTimer
                0x20008474                ARPTimer
                0x20008478                IPaddress
 .bss           0x2000847c        0x4 ..\obj\tcp_echoserver.o
 .bss           0x20008480        0x8 ..\obj\stm32f4x7_eth_bsp.o
                0x20008480                EthInitStatus
                0x20008484                EthLinkStatus
 .bss           0x20008488       0xcc ..\obj\etharp.o
 .bss           0x20008554        0x1 ..\obj\netif.o
 *fill*         0x20008555        0x3 00
 .bss           0x20008558        0x4 ..\obj\syscalls.o
 .bss           0x2000855c        0x2 ..\obj\ip.o
 *fill*         0x2000855e        0x2 00
 .bss           0x20008560        0x4 ..\obj\raw.o
 .bss.__malloc_max_total_mem
                0x20008564        0x4 c:/program files/gnu tools arm embedded/4.7 2012q4/bin/../lib/gcc/arm-none-eabi/4.7.3/../../../../arm-none-eabi/lib/armv7e-m\libg.a(lib_a-mallocr.o)
                0x20008564                __malloc_max_total_mem
 .bss.__malloc_max_sbrked_mem
                0x20008568        0x4 c:/program files/gnu tools arm embedded/4.7 2012q4/bin/../lib/gcc/arm-none-eabi/4.7.3/../../../../arm-none-eabi/lib/armv7e-m\libg.a(lib_a-mallocr.o)
                0x20008568                __malloc_max_sbrked_mem
 .bss.__malloc_top_pad
                0x2000856c        0x4 c:/program files/gnu tools arm embedded/4.7 2012q4/bin/../lib/gcc/arm-none-eabi/4.7.3/../../../../arm-none-eabi/lib/armv7e-m\libg.a(lib_a-mallocr.o)
                0x2000856c                __malloc_top_pad
 .bss.__malloc_current_mallinfo
                0x20008570       0x28 c:/program files/gnu tools arm embedded/4.7 2012q4/bin/../lib/gcc/arm-none-eabi/4.7.3/../../../../arm-none-eabi/lib/armv7e-m\libg.a(lib_a-mallocr.o)
                0x20008570                __malloc_current_mallinfo
 *(COMMON)
 COMMON         0x20008598       0x18 ..\obj\tcp.o
                0x20008598                tcp_active_pcbs
                0x2000859c                tcp_ticks
                0x200085a0                tcp_listen_pcbs
                0x200085a4                tcp_tmp_pcb
                0x200085a8                tcp_bound_pcbs
                0x200085ac                tcp_tw_pcbs
 COMMON         0x200085b0        0x4 ..\obj\tcp_in.o
                0x200085b0                tcp_input_pcb
 COMMON         0x200085b4     0x3ce4 ..\obj\stm32f4x7_eth.o
                0x200085b4                RX_Frame_Descriptor
                0x200085c0                DMARxDescToGet
                0x200085c4                DMATxDescToSet
                0x200085c8                DMATxDscrTab
                0x20008668                Rx_Buff
                0x2000a42c                Frame_Rx_index
                0x2000a430                DMA_RX_FRAME_infos
                0x2000a434                DMARxDscrTab
                0x2000a4d4                Tx_Buff
 COMMON         0x2000c298       0x38 ..\obj\netconf.o
                0x2000c298                netif
 COMMON         0x2000c2d0        0x8 ..\obj\netif.o
                0x2000c2d0                netif_list
                0x2000c2d4                netif_default
 COMMON         0x2000c2d8        0x4 ..\obj\udp.o
                0x2000c2d8                udp_pcbs
 COMMON         0x2000c2dc        0x8 ..\obj\ip.o
                0x2000c2dc                current_netif
                0x2000c2e0                current_header
 COMMON         0x2000c2e4        0x4 c:/program files/gnu tools arm embedded/4.7 2012q4/bin/../lib/gcc/arm-none-eabi/4.7.3/../../../../arm-none-eabi/lib/armv7e-m\libg.a(lib_a-reent.o)
                0x2000c2e4                errno
                0x2000c2e8                . = ALIGN (0x4)
                0x2000c2e8                _ebss = .

.co_stack       0x2000c2e8      0x800 load address 0x080191c0
                0x2000c2e8                . = ALIGN (0x8)
 *(.co_stack .co_stack.*)
 .co_stack      0x2000c2e8      0x800 ..\obj\startup_stm32f4xx.o
                0x2000c2e8                pulStack
                0x2000cae8                . = ALIGN (0x4)
                0x2000cae8                _end = .
LOAD ..\obj\stm32f4xx_syscfg.o
LOAD ..\obj\mem.o
LOAD ..\obj\stm32f4xx_sdio.o
LOAD ..\obj\tcp.o
LOAD ..\obj\stm32f4xx_cryp_aes.o
LOAD ..\obj\stm32f4xx_hash.o
LOAD ..\obj\err.o
LOAD ..\obj\stm32f4xx_hash_sha1.o
LOAD ..\obj\randm.o
LOAD ..\obj\mib_structs.o
LOAD ..\obj\tcp_in.o
LOAD ..\obj\stm32f4xx_usart.o
LOAD ..\obj\stm32f4xx_pwr.o
LOAD ..\obj\slipif.o
LOAD ..\obj\memp.o
LOAD ..\obj\stm32f4xx_can.o
LOAD ..\obj\autoip.o
LOAD ..\obj\stm32f4xx_wwdg.o
LOAD ..\obj\ip_frag.o
LOAD ..\obj\msg_out.o
LOAD ..\obj\netbuf.o
LOAD ..\obj\stm32f4xx_hash_md5.o
LOAD ..\obj\tcpip.o
LOAD ..\obj\stm32f4xx_dac.o
LOAD ..\obj\asn1_dec.o
LOAD ..\obj\lcp.o
LOAD ..\obj\vj.o
LOAD ..\obj\startup_stm32f4xx.o
LOAD ..\obj\stm32f4_discovery.o
LOAD ..\obj\stm32f4x7_eth.o
LOAD ..\obj\stm32f4xx_crc.o
LOAD ..\obj\stm32f4xx_iwdg.o
LOAD ..\obj\sys.o
LOAD ..\obj\ip_addr.o
LOAD ..\obj\inet_chksum.o
LOAD ..\obj\main.o
LOAD ..\obj\stm32f4xx_rcc.o
LOAD ..\obj\netconf.o
LOAD ..\obj\mib2.o
LOAD ..\obj\stm32f4xx_it.o
LOAD ..\obj\tcp_echoserver.o
LOAD ..\obj\netdb.o
LOAD ..\obj\init.o
LOAD ..\obj\stm32f4xx_adc.o
LOAD ..\obj\stm32f4x7_eth_bsp.o
LOAD ..\obj\ethernetif.o
LOAD ..\obj\stm32f4xx_dcmi.o
LOAD ..\obj\chpms.o
LOAD ..\obj\etharp.o
LOAD ..\obj\magic.o
LOAD ..\obj\stm32f4xx_cryp_des.o
LOAD ..\obj\stm32f4xx_cryp.o
LOAD ..\obj\pbuf.o
LOAD ..\obj\stats.o
LOAD ..\obj\inet.o
LOAD ..\obj\stm32f4xx_fsmc.o
LOAD ..\obj\msg_in.o
LOAD ..\obj\netif.o
LOAD ..\obj\asn1_enc.o
LOAD ..\obj\fsm.o
LOAD ..\obj\api_msg.o
LOAD ..\obj\chap.o
LOAD ..\obj\stm32f4xx_gpio.o
LOAD ..\obj\stm32f4xx_flash.o
LOAD ..\obj\md5.o
LOAD ..\obj\system_stm32f4xx.o
LOAD ..\obj\syscalls.o
LOAD ..\obj\stm32f4xx_dma.o
LOAD ..\obj\sockets.o
LOAD ..\obj\igmp.o
LOAD ..\obj\pap.o
LOAD ..\obj\udp.o
LOAD ..\obj\ip.o
LOAD ..\obj\stm32f4xx_spi.o
LOAD ..\obj\auth.o
LOAD ..\obj\stm32f4xx_i2c.o
LOAD ..\obj\stm32f4xx_rng.o
LOAD ..\obj\stm32f4xx_exti.o
LOAD ..\obj\icmp.o
LOAD ..\obj\ppp_oe.o
LOAD ..\obj\dns.o
LOAD ..\obj\netifapi.o
LOAD ..\obj\misc.o
LOAD ..\obj\api_lib.o
LOAD ..\obj\dhcp.o
LOAD ..\obj\ppp.o
LOAD ..\obj\serial_debug.o
LOAD ..\obj\stm32f4xx_rtc.o
LOAD ..\obj\stm32f4xx_cryp_tdes.o
LOAD ..\obj\ipcp.o
LOAD ..\obj\stm32f4xx_tim.o
LOAD ..\obj\tcp_out.o
LOAD ..\obj\stm32f4xx_dbgmcu.o
LOAD ..\obj\loopif.o
LOAD ..\obj\raw.o
START GROUP
LOAD c:/program files/gnu tools arm embedded/4.7 2012q4/bin/../lib/gcc/arm-none-eabi/4.7.3/armv7e-m\libgcc.a
LOAD c:/program files/gnu tools arm embedded/4.7 2012q4/bin/../lib/gcc/arm-none-eabi/4.7.3/../../../../arm-none-eabi/lib/armv7e-m\libg.a
LOAD c:/program files/gnu tools arm embedded/4.7 2012q4/bin/../lib/gcc/arm-none-eabi/4.7.3/../../../../arm-none-eabi/lib/armv7e-m\libc.a
END GROUP
OUTPUT(stmnet.elf elf32-littlearm)

.debug_info     0x00000000    0x11cc8
 .debug_info    0x00000000      0x279 ..\obj\stm32f4xx_syscfg.o
 .debug_info    0x00000279      0x36c ..\obj\mem.o
 .debug_info    0x000005e5     0x12c4 ..\obj\tcp.o
 .debug_info    0x000018a9      0xd00 ..\obj\tcp_in.o
 .debug_info    0x000025a9      0x268 ..\obj\memp.o
 .debug_info    0x00002811      0x6e9 ..\obj\autoip.o
 .debug_info    0x00002efa      0x927 ..\obj\ip_frag.o
 .debug_info    0x00003821      0x103 ..\obj\startup_stm32f4xx.o
 .debug_info    0x00003924      0x8ba ..\obj\stm32f4_discovery.o
 .debug_info    0x000041de     0x1ba1 ..\obj\stm32f4x7_eth.o
 .debug_info    0x00005d7f      0x33f ..\obj\ip_addr.o
 .debug_info    0x000060be      0x2c7 ..\obj\inet_chksum.o
 .debug_info    0x00006385      0x160 ..\obj\main.o
 .debug_info    0x000064e5      0xd49 ..\obj\stm32f4xx_rcc.o
 .debug_info    0x0000722e      0x76e ..\obj\netconf.o
 .debug_info    0x0000799c      0x18e ..\obj\stm32f4xx_it.o
 .debug_info    0x00007b2a      0x990 ..\obj\tcp_echoserver.o
 .debug_info    0x000084ba      0xdda ..\obj\stm32f4x7_eth_bsp.o
 .debug_info    0x00009294      0xb47 ..\obj\ethernetif.o
 .debug_info    0x00009ddb     0x1014 ..\obj\etharp.o
 .debug_info    0x0000adef      0x6ba ..\obj\pbuf.o
 .debug_info    0x0000b4a9      0x30a ..\obj\inet.o
 .debug_info    0x0000b7b3      0xfc8 ..\obj\netif.o
 .debug_info    0x0000c77b      0x640 ..\obj\stm32f4xx_gpio.o
 .debug_info    0x0000cdbb      0x443 ..\obj\syscalls.o
 .debug_info    0x0000d1fe      0xba7 ..\obj\udp.o
 .debug_info    0x0000dda5      0x98b ..\obj\ip.o
 .debug_info    0x0000e730      0x373 ..\obj\stm32f4xx_exti.o
 .debug_info    0x0000eaa3      0x5f3 ..\obj\icmp.o
 .debug_info    0x0000f096      0x592 ..\obj\misc.o
 .debug_info    0x0000f628     0x11a0 ..\obj\dhcp.o
 .debug_info    0x000107c8      0xdec ..\obj\tcp_out.o
 .debug_info    0x000115b4      0x714 ..\obj\raw.o

.debug_abbrev   0x00000000     0x34cf
 .debug_abbrev  0x00000000      0x133 ..\obj\stm32f4xx_syscfg.o
 .debug_abbrev  0x00000133      0x160 ..\obj\mem.o
 .debug_abbrev  0x00000293      0x2c6 ..\obj\tcp.o
 .debug_abbrev  0x00000559      0x1eb ..\obj\tcp_in.o
 .debug_abbrev  0x00000744      0x120 ..\obj\memp.o
 .debug_abbrev  0x00000864      0x1a7 ..\obj\autoip.o
 .debug_abbrev  0x00000a0b      0x1e1 ..\obj\ip_frag.o
 .debug_abbrev  0x00000bec       0xb2 ..\obj\startup_stm32f4xx.o
 .debug_abbrev  0x00000c9e      0x185 ..\obj\stm32f4_discovery.o
 .debug_abbrev  0x00000e23      0x226 ..\obj\stm32f4x7_eth.o
 .debug_abbrev  0x00001049       0xf5 ..\obj\ip_addr.o
 .debug_abbrev  0x0000113e      0x13e ..\obj\inet_chksum.o
 .debug_abbrev  0x0000127c       0xeb ..\obj\main.o
 .debug_abbrev  0x00001367      0x1e5 ..\obj\stm32f4xx_rcc.o
 .debug_abbrev  0x0000154c      0x143 ..\obj\netconf.o
 .debug_abbrev  0x0000168f       0x9e ..\obj\stm32f4xx_it.o
 .debug_abbrev  0x0000172d      0x1d5 ..\obj\tcp_echoserver.o
 .debug_abbrev  0x00001902      0x1f4 ..\obj\stm32f4x7_eth_bsp.o
 .debug_abbrev  0x00001af6      0x1f9 ..\obj\ethernetif.o
 .debug_abbrev  0x00001cef      0x20c ..\obj\etharp.o
 .debug_abbrev  0x00001efb      0x1a5 ..\obj\pbuf.o
 .debug_abbrev  0x000020a0      0x132 ..\obj\inet.o
 .debug_abbrev  0x000021d2      0x25f ..\obj\netif.o
 .debug_abbrev  0x00002431      0x1a5 ..\obj\stm32f4xx_gpio.o
 .debug_abbrev  0x000025d6       0xe4 ..\obj\syscalls.o
 .debug_abbrev  0x000026ba      0x20e ..\obj\udp.o
 .debug_abbrev  0x000028c8      0x197 ..\obj\ip.o
 .debug_abbrev  0x00002a5f      0x1a7 ..\obj\stm32f4xx_exti.o
 .debug_abbrev  0x00002c06      0x1a5 ..\obj\icmp.o
 .debug_abbrev  0x00002dab      0x129 ..\obj\misc.o
 .debug_abbrev  0x00002ed4      0x21c ..\obj\dhcp.o
 .debug_abbrev  0x000030f0      0x226 ..\obj\tcp_out.o
 .debug_abbrev  0x00003316      0x1b9 ..\obj\raw.o

.debug_loc      0x00000000     0x56bf
 .debug_loc     0x00000000      0x144 ..\obj\stm32f4xx_syscfg.o
 .debug_loc     0x00000144      0x150 ..\obj\mem.o
 .debug_loc     0x00000294      0x6a4 ..\obj\tcp.o
 .debug_loc     0x00000938      0x152 ..\obj\tcp_in.o
 .debug_loc     0x00000a8a       0xa8 ..\obj\memp.o
 .debug_loc     0x00000b32      0x294 ..\obj\autoip.o
 .debug_loc     0x00000dc6      0x1c0 ..\obj\ip_frag.o
 .debug_loc     0x00000f86       0x64 ..\obj\startup_stm32f4xx.o
 .debug_loc     0x00000fea      0x150 ..\obj\stm32f4_discovery.o
 .debug_loc     0x0000113a     0x1170 ..\obj\stm32f4x7_eth.o
 .debug_loc     0x000022aa       0x38 ..\obj\ip_addr.o
 .debug_loc     0x000022e2       0xe0 ..\obj\inet_chksum.o
 .debug_loc     0x000023c2       0xbc ..\obj\main.o
 .debug_loc     0x0000247e      0x97c ..\obj\stm32f4xx_rcc.o
 .debug_loc     0x00002dfa       0x9d ..\obj\netconf.o
 .debug_loc     0x00002e97      0x1b8 ..\obj\stm32f4xx_it.o
 .debug_loc     0x0000304f      0x1c0 ..\obj\tcp_echoserver.o
 .debug_loc     0x0000320f      0x1c2 ..\obj\stm32f4x7_eth_bsp.o
 .debug_loc     0x000033d1      0x118 ..\obj\ethernetif.o
 .debug_loc     0x000034e9      0x2da ..\obj\etharp.o
 .debug_loc     0x000037c3      0x2d8 ..\obj\pbuf.o
 .debug_loc     0x00003a9b      0x188 ..\obj\inet.o
 .debug_loc     0x00003c23      0x268 ..\obj\netif.o
 .debug_loc     0x00003e8b      0x310 ..\obj\stm32f4xx_gpio.o
 .debug_loc     0x0000419b      0x1ec ..\obj\syscalls.o
 .debug_loc     0x00004387      0x231 ..\obj\udp.o
 .debug_loc     0x000045b8       0xe0 ..\obj\ip.o
 .debug_loc     0x00004698      0x1b4 ..\obj\stm32f4xx_exti.o
 .debug_loc     0x0000484c       0xe1 ..\obj\icmp.o
 .debug_loc     0x0000492d      0x118 ..\obj\misc.o
 .debug_loc     0x00004a45      0x7e0 ..\obj\dhcp.o
 .debug_loc     0x00005225      0x2da ..\obj\tcp_out.o
 .debug_loc     0x000054ff      0x1c0 ..\obj\raw.o

.debug_aranges  0x00000000      0xfc8
 .debug_aranges
                0x00000000       0x48 ..\obj\stm32f4xx_syscfg.o
 .debug_aranges
                0x00000048       0x48 ..\obj\mem.o
 .debug_aranges
                0x00000090      0x110 ..\obj\tcp.o
 .debug_aranges
                0x000001a0       0x48 ..\obj\tcp_in.o
 .debug_aranges
                0x000001e8       0x30 ..\obj\memp.o
 .debug_aranges
                0x00000218       0x78 ..\obj\autoip.o
 .debug_aranges
                0x00000290       0x58 ..\obj\ip_frag.o
 .debug_aranges
                0x000002e8       0x28 ..\obj\startup_stm32f4xx.o
 .debug_aranges
                0x00000310       0x48 ..\obj\stm32f4_discovery.o
 .debug_aranges
                0x00000358      0x2b8 ..\obj\stm32f4x7_eth.o
 .debug_aranges
                0x00000610       0x20 ..\obj\ip_addr.o
 .debug_aranges
                0x00000630       0x38 ..\obj\inet_chksum.o
 .debug_aranges
                0x00000668       0x38 ..\obj\main.o
 .debug_aranges
                0x000006a0      0x178 ..\obj\stm32f4xx_rcc.o
 .debug_aranges
                0x00000818       0x30 ..\obj\netconf.o
 .debug_aranges
                0x00000848       0x68 ..\obj\stm32f4xx_it.o
 .debug_aranges
                0x000008b0       0x58 ..\obj\tcp_echoserver.o
 .debug_aranges
                0x00000908       0x58 ..\obj\stm32f4x7_eth_bsp.o
 .debug_aranges
                0x00000960       0x40 ..\obj\ethernetif.o
 .debug_aranges
                0x000009a0       0x80 ..\obj\etharp.o
 .debug_aranges
                0x00000a20       0x80 ..\obj\pbuf.o
 .debug_aranges
                0x00000aa0       0x50 ..\obj\inet.o
 .debug_aranges
                0x00000af0       0x70 ..\obj\netif.o
 .debug_aranges
                0x00000b60       0x88 ..\obj\stm32f4xx_gpio.o
 .debug_aranges
                0x00000be8       0x60 ..\obj\syscalls.o
 .debug_aranges
                0x00000c48       0x68 ..\obj\udp.o
 .debug_aranges
                0x00000cb0       0x38 ..\obj\ip.o
 .debug_aranges
                0x00000ce8       0x58 ..\obj\stm32f4xx_exti.o
 .debug_aranges
                0x00000d40       0x38 ..\obj\icmp.o
 .debug_aranges
                0x00000d78       0x40 ..\obj\misc.o
 .debug_aranges
                0x00000db8      0x138 ..\obj\dhcp.o
 .debug_aranges
                0x00000ef0       0x80 ..\obj\tcp_out.o
 .debug_aranges
                0x00000f70       0x58 ..\obj\raw.o

.debug_ranges   0x00000000      0xde8
 .debug_ranges  0x00000000       0x38 ..\obj\stm32f4xx_syscfg.o
 .debug_ranges  0x00000038       0x38 ..\obj\mem.o
 .debug_ranges  0x00000070      0x100 ..\obj\tcp.o
 .debug_ranges  0x00000170       0x38 ..\obj\tcp_in.o
 .debug_ranges  0x000001a8       0x20 ..\obj\memp.o
 .debug_ranges  0x000001c8       0x68 ..\obj\autoip.o
 .debug_ranges  0x00000230       0x48 ..\obj\ip_frag.o
 .debug_ranges  0x00000278       0x18 ..\obj\startup_stm32f4xx.o
 .debug_ranges  0x00000290       0x38 ..\obj\stm32f4_discovery.o
 .debug_ranges  0x000002c8      0x2a8 ..\obj\stm32f4x7_eth.o
 .debug_ranges  0x00000570       0x10 ..\obj\ip_addr.o
 .debug_ranges  0x00000580       0x28 ..\obj\inet_chksum.o
 .debug_ranges  0x000005a8       0x28 ..\obj\main.o
 .debug_ranges  0x000005d0      0x168 ..\obj\stm32f4xx_rcc.o
 .debug_ranges  0x00000738       0x20 ..\obj\netconf.o
 .debug_ranges  0x00000758       0x58 ..\obj\stm32f4xx_it.o
 .debug_ranges  0x000007b0       0x48 ..\obj\tcp_echoserver.o
 .debug_ranges  0x000007f8       0x48 ..\obj\stm32f4x7_eth_bsp.o
 .debug_ranges  0x00000840       0x30 ..\obj\ethernetif.o
 .debug_ranges  0x00000870       0x70 ..\obj\etharp.o
 .debug_ranges  0x000008e0       0x70 ..\obj\pbuf.o
 .debug_ranges  0x00000950       0x40 ..\obj\inet.o
 .debug_ranges  0x00000990       0x78 ..\obj\netif.o
 .debug_ranges  0x00000a08       0x78 ..\obj\stm32f4xx_gpio.o
 .debug_ranges  0x00000a80       0x50 ..\obj\syscalls.o
 .debug_ranges  0x00000ad0       0x58 ..\obj\udp.o
 .debug_ranges  0x00000b28       0x28 ..\obj\ip.o
 .debug_ranges  0x00000b50       0x48 ..\obj\stm32f4xx_exti.o
 .debug_ranges  0x00000b98       0x40 ..\obj\icmp.o
 .debug_ranges  0x00000bd8       0x30 ..\obj\misc.o
 .debug_ranges  0x00000c08      0x128 ..\obj\dhcp.o
 .debug_ranges  0x00000d30       0x70 ..\obj\tcp_out.o
 .debug_ranges  0x00000da0       0x48 ..\obj\raw.o

.debug_line     0x00000000     0x6e31
 .debug_line    0x00000000      0x1d0 ..\obj\stm32f4xx_syscfg.o
 .debug_line    0x000001d0      0x21b ..\obj\mem.o
 .debug_line    0x000003eb      0x74d ..\obj\tcp.o
 .debug_line    0x00000b38      0x6d8 ..\obj\tcp_in.o
 .debug_line    0x00001210      0x170 ..\obj\memp.o
 .debug_line    0x00001380      0x36a ..\obj\autoip.o
 .debug_line    0x000016ea      0x395 ..\obj\ip_frag.o
 .debug_line    0x00001a7f       0x9a ..\obj\startup_stm32f4xx.o
 .debug_line    0x00001b19      0x24a ..\obj\stm32f4_discovery.o
 .debug_line    0x00001d63      0xa61 ..\obj\stm32f4x7_eth.o
 .debug_line    0x000027c4      0x17e ..\obj\ip_addr.o
 .debug_line    0x00002942      0x1dc ..\obj\inet_chksum.o
 .debug_line    0x00002b1e      0x178 ..\obj\main.o
 .debug_line    0x00002c96      0x54c ..\obj\stm32f4xx_rcc.o
 .debug_line    0x000031e2      0x255 ..\obj\netconf.o
 .debug_line    0x00003437      0x200 ..\obj\stm32f4xx_it.o
 .debug_line    0x00003637      0x23e ..\obj\tcp_echoserver.o
 .debug_line    0x00003875      0x2e3 ..\obj\stm32f4x7_eth_bsp.o
 .debug_line    0x00003b58      0x378 ..\obj\ethernetif.o
 .debug_line    0x00003ed0      0x4e5 ..\obj\etharp.o
 .debug_line    0x000043b5      0x3d8 ..\obj\pbuf.o
 .debug_line    0x0000478d      0x23a ..\obj\inet.o
 .debug_line    0x000049c7      0x318 ..\obj\netif.o
 .debug_line    0x00004cdf      0x2f0 ..\obj\stm32f4xx_gpio.o
 .debug_line    0x00004fcf      0x194 ..\obj\syscalls.o
 .debug_line    0x00005163      0x3b2 ..\obj\udp.o
 .debug_line    0x00005515      0x2d1 ..\obj\ip.o
 .debug_line    0x000057e6      0x256 ..\obj\stm32f4xx_exti.o
 .debug_line    0x00005a3c      0x20f ..\obj\icmp.o
 .debug_line    0x00005c4b      0x1f6 ..\obj\misc.o
 .debug_line    0x00005e41      0x833 ..\obj\dhcp.o
 .debug_line    0x00006674      0x532 ..\obj\tcp_out.o
 .debug_line    0x00006ba6      0x28b ..\obj\raw.o

.debug_str      0x00000000     0x4b8b
 .debug_str     0x00000000      0x24e ..\obj\stm32f4xx_syscfg.o
                                0x29b (size before relaxing)
 .debug_str     0x0000024e      0x127 ..\obj\mem.o
                                0x212 (size before relaxing)
 .debug_str     0x00000375      0x5a0 ..\obj\tcp.o
                                0x7c1 (size before relaxing)
 .debug_str     0x00000915      0x14d ..\obj\tcp_in.o
                                0x658 (size before relaxing)
 .debug_str     0x00000a62       0x92 ..\obj\memp.o
                                0x24c (size before relaxing)
 .debug_str     0x00000af4      0x1da ..\obj\autoip.o
                                0x3aa (size before relaxing)
 .debug_str     0x00000cce      0x273 ..\obj\ip_frag.o
                                0x519 (size before relaxing)
 .debug_str     0x00000f41       0xa9 ..\obj\startup_stm32f4xx.o
                                0x10d (size before relaxing)
 .debug_str     0x00000fea      0x9a1 ..\obj\stm32f4_discovery.o
                                0xac1 (size before relaxing)
 .debug_str     0x0000198b     0x123d ..\obj\stm32f4x7_eth.o
                               0x13e0 (size before relaxing)
 .debug_str     0x00002bc8       0x75 ..\obj\ip_addr.o
                                0x22b (size before relaxing)
 .debug_str     0x00002c3d       0xa9 ..\obj\inet_chksum.o
                                0x20c (size before relaxing)
 .debug_str     0x00002ce6       0x5c ..\obj\main.o
                                0x1a8 (size before relaxing)
 .debug_str     0x00002d42      0x5dc ..\obj\stm32f4xx_rcc.o
                                0x7ec (size before relaxing)
 .debug_str     0x0000331e      0x1d9 ..\obj\netconf.o
                                0x412 (size before relaxing)
 .debug_str     0x000034f7       0xd5 ..\obj\stm32f4xx_it.o
                                0x1cf (size before relaxing)
 .debug_str     0x000035cc      0x166 ..\obj\tcp_echoserver.o
                                0x520 (size before relaxing)
 .debug_str     0x00003732      0x19c ..\obj\stm32f4x7_eth_bsp.o
                                0xf61 (size before relaxing)
 .debug_str     0x000038ce       0xb3 ..\obj\ethernetif.o
                                0x659 (size before relaxing)
 .debug_str     0x00003981      0x26c ..\obj\etharp.o
                                0x79c (size before relaxing)
 .debug_str     0x00003bed      0x17c ..\obj\pbuf.o
                                0x3de (size before relaxing)
 .debug_str     0x00003d69       0x8b ..\obj\inet.o
                                0x1b5 (size before relaxing)
 .debug_str     0x00003df4       0xf9 ..\obj\netif.o
                                0x6fc (size before relaxing)
 .debug_str     0x00003eed      0x196 ..\obj\stm32f4xx_gpio.o
                                0x43f (size before relaxing)
 .debug_str     0x00004083      0x144 ..\obj\syscalls.o
                                0x290 (size before relaxing)
 .debug_str     0x000041c7      0x152 ..\obj\udp.o
                                0x5fe (size before relaxing)
 .debug_str     0x00004319       0xb3 ..\obj\ip.o
                                0x4df (size before relaxing)
 .debug_str     0x000043cc      0x106 ..\obj\stm32f4xx_exti.o
                                0x30a (size before relaxing)
 .debug_str     0x000044d2       0xc0 ..\obj\icmp.o
                                0x398 (size before relaxing)
 .debug_str     0x00004592      0x10c ..\obj\misc.o
                                0x375 (size before relaxing)
 .debug_str     0x0000469e      0x2fe ..\obj\dhcp.o
                                0x733 (size before relaxing)
 .debug_str     0x0000499c      0x144 ..\obj\tcp_out.o
                                0x650 (size before relaxing)
 .debug_str     0x00004ae0       0xab ..\obj\raw.o
                                0x3b8 (size before relaxing)

.comment        0x00000000       0x70
 .comment       0x00000000       0x70 ..\obj\stm32f4xx_syscfg.o
                                 0x71 (size before relaxing)
 .comment       0x00000000       0x71 ..\obj\mem.o
 .comment       0x00000000       0x71 ..\obj\tcp.o
 .comment       0x00000000       0x71 ..\obj\tcp_in.o
 .comment       0x00000000       0x71 ..\obj\memp.o
 .comment       0x00000000       0x71 ..\obj\autoip.o
 .comment       0x00000000       0x71 ..\obj\ip_frag.o
 .comment       0x00000000       0x71 ..\obj\startup_stm32f4xx.o
 .comment       0x00000000       0x71 ..\obj\stm32f4_discovery.o
 .comment       0x00000000       0x71 ..\obj\stm32f4x7_eth.o
 .comment       0x00000000       0x71 ..\obj\ip_addr.o
 .comment       0x00000000       0x71 ..\obj\inet_chksum.o
 .comment       0x00000000       0x71 ..\obj\main.o
 .comment       0x00000000       0x71 ..\obj\stm32f4xx_rcc.o
 .comment       0x00000000       0x71 ..\obj\netconf.o
 .comment       0x00000000       0x71 ..\obj\stm32f4xx_it.o
 .comment       0x00000000       0x71 ..\obj\tcp_echoserver.o
 .comment       0x00000000       0x71 ..\obj\stm32f4x7_eth_bsp.o
 .comment       0x00000000       0x71 ..\obj\ethernetif.o
 .comment       0x00000000       0x71 ..\obj\etharp.o
 .comment       0x00000000       0x71 ..\obj\pbuf.o
 .comment       0x00000000       0x71 ..\obj\inet.o
 .comment       0x00000000       0x71 ..\obj\netif.o
 .comment       0x00000000       0x71 ..\obj\stm32f4xx_gpio.o
 .comment       0x00000000       0x71 ..\obj\syscalls.o
 .comment       0x00000000       0x71 ..\obj\udp.o
 .comment       0x00000000       0x71 ..\obj\ip.o
 .comment       0x00000000       0x71 ..\obj\stm32f4xx_exti.o
 .comment       0x00000000       0x71 ..\obj\icmp.o
 .comment       0x00000000       0x71 ..\obj\misc.o
 .comment       0x00000000       0x71 ..\obj\dhcp.o
 .comment       0x00000000       0x71 ..\obj\tcp_out.o
 .comment       0x00000000       0x71 ..\obj\raw.o

.ARM.attributes
                0x00000000       0x33
 .ARM.attributes
                0x00000000       0x33 ..\obj\stm32f4xx_syscfg.o
 .ARM.attributes
                0x00000033       0x33 ..\obj\mem.o
 .ARM.attributes
                0x00000066       0x33 ..\obj\tcp.o
 .ARM.attributes
                0x00000099       0x33 ..\obj\tcp_in.o
 .ARM.attributes
                0x000000cc       0x33 ..\obj\memp.o
 .ARM.attributes
                0x000000ff       0x33 ..\obj\autoip.o
 .ARM.attributes
                0x00000132       0x33 ..\obj\ip_frag.o
 .ARM.attributes
                0x00000165       0x33 ..\obj\startup_stm32f4xx.o
 .ARM.attributes
                0x00000198       0x33 ..\obj\stm32f4_discovery.o
 .ARM.attributes
                0x000001cb       0x33 ..\obj\stm32f4x7_eth.o
 .ARM.attributes
                0x000001fe       0x33 ..\obj\ip_addr.o
 .ARM.attributes
                0x00000231       0x33 ..\obj\inet_chksum.o
 .ARM.attributes
                0x00000264       0x33 ..\obj\main.o
 .ARM.attributes
                0x00000297       0x33 ..\obj\stm32f4xx_rcc.o
 .ARM.attributes
                0x000002ca       0x33 ..\obj\netconf.o
 .ARM.attributes
                0x000002fd       0x33 ..\obj\stm32f4xx_it.o
 .ARM.attributes
                0x00000330       0x33 ..\obj\tcp_echoserver.o
 .ARM.attributes
                0x00000363       0x33 ..\obj\stm32f4x7_eth_bsp.o
 .ARM.attributes
                0x00000396       0x33 ..\obj\ethernetif.o
 .ARM.attributes
                0x000003c9       0x33 ..\obj\etharp.o
 .ARM.attributes
                0x000003fc       0x33 ..\obj\pbuf.o
 .ARM.attributes
                0x0000042f       0x33 ..\obj\inet.o
 .ARM.attributes
                0x00000462       0x33 ..\obj\netif.o
 .ARM.attributes
                0x00000495       0x33 ..\obj\stm32f4xx_gpio.o
 .ARM.attributes
                0x000004c8       0x33 ..\obj\syscalls.o
 .ARM.attributes
                0x000004fb       0x33 ..\obj\udp.o
 .ARM.attributes
                0x0000052e       0x33 ..\obj\ip.o
 .ARM.attributes
                0x00000561       0x33 ..\obj\stm32f4xx_exti.o
 .ARM.attributes
                0x00000594       0x33 ..\obj\icmp.o
 .ARM.attributes
                0x000005c7       0x33 ..\obj\misc.o
 .ARM.attributes
                0x000005fa       0x33 ..\obj\dhcp.o
 .ARM.attributes
                0x0000062d       0x33 ..\obj\tcp_out.o
 .ARM.attributes
                0x00000660       0x33 ..\obj\raw.o
 .ARM.attributes
                0x00000693       0x2e c:/program files/gnu tools arm embedded/4.7 2012q4/bin/../lib/gcc/arm-none-eabi/4.7.3/../../../../arm-none-eabi/lib/armv7e-m\libg.a(lib_a-memcmp.o)
 .ARM.attributes
                0x000006c1       0x2e c:/program files/gnu tools arm embedded/4.7 2012q4/bin/../lib/gcc/arm-none-eabi/4.7.3/../../../../arm-none-eabi/lib/armv7e-m\libg.a(lib_a-memcpy.o)
 .ARM.attributes
                0x000006ef       0x2e c:/program files/gnu tools arm embedded/4.7 2012q4/bin/../lib/gcc/arm-none-eabi/4.7.3/../../../../arm-none-eabi/lib/armv7e-m\libg.a(lib_a-memset.o)
 .ARM.attributes
                0x0000071d       0x2e c:/program files/gnu tools arm embedded/4.7 2012q4/bin/../lib/gcc/arm-none-eabi/4.7.3/../../../../arm-none-eabi/lib/armv7e-m\libg.a(lib_a-puts.o)
 .ARM.attributes
                0x0000074b       0x2e c:/program files/gnu tools arm embedded/4.7 2012q4/bin/../lib/gcc/arm-none-eabi/4.7.3/../../../../arm-none-eabi/lib/armv7e-m\libg.a(lib_a-strlen.o)
 .ARM.attributes
                0x00000779       0x2e c:/program files/gnu tools arm embedded/4.7 2012q4/bin/../lib/gcc/arm-none-eabi/4.7.3/../../../../arm-none-eabi/lib/armv7e-m\libg.a(lib_a-fvwrite.o)
 .ARM.attributes
                0x000007a7       0x2e c:/program files/gnu tools arm embedded/4.7 2012q4/bin/../lib/gcc/arm-none-eabi/4.7.3/../../../../arm-none-eabi/lib/armv7e-m\libg.a(lib_a-impure.o)
 .ARM.attributes
                0x000007d5       0x2e c:/program files/gnu tools arm embedded/4.7 2012q4/bin/../lib/gcc/arm-none-eabi/4.7.3/../../../../arm-none-eabi/lib/armv7e-m\libg.a(lib_a-mallocr.o)
 .ARM.attributes
                0x00000803       0x2e c:/program files/gnu tools arm embedded/4.7 2012q4/bin/../lib/gcc/arm-none-eabi/4.7.3/../../../../arm-none-eabi/lib/armv7e-m\libg.a(lib_a-memchr.o)
 .ARM.attributes
                0x00000831       0x2e c:/program files/gnu tools arm embedded/4.7 2012q4/bin/../lib/gcc/arm-none-eabi/4.7.3/../../../../arm-none-eabi/lib/armv7e-m\libg.a(lib_a-memmove.o)
 .ARM.attributes
                0x0000085f       0x2e c:/program files/gnu tools arm embedded/4.7 2012q4/bin/../lib/gcc/arm-none-eabi/4.7.3/../../../../arm-none-eabi/lib/armv7e-m\libg.a(lib_a-mlock.o)
 .ARM.attributes
                0x0000088d       0x2e c:/program files/gnu tools arm embedded/4.7 2012q4/bin/../lib/gcc/arm-none-eabi/4.7.3/../../../../arm-none-eabi/lib/armv7e-m\libg.a(lib_a-reallocr.o)
 .ARM.attributes
                0x000008bb       0x2e c:/program files/gnu tools arm embedded/4.7 2012q4/bin/../lib/gcc/arm-none-eabi/4.7.3/../../../../arm-none-eabi/lib/armv7e-m\libg.a(lib_a-sbrkr.o)
 .ARM.attributes
                0x000008e9       0x2e c:/program files/gnu tools arm embedded/4.7 2012q4/bin/../lib/gcc/arm-none-eabi/4.7.3/../../../../arm-none-eabi/lib/armv7e-m\libg.a(lib_a-wsetup.o)
 .ARM.attributes
                0x00000917       0x2e c:/program files/gnu tools arm embedded/4.7 2012q4/bin/../lib/gcc/arm-none-eabi/4.7.3/../../../../arm-none-eabi/lib/armv7e-m\libg.a(lib_a-fflush.o)
 .ARM.attributes
                0x00000945       0x2e c:/program files/gnu tools arm embedded/4.7 2012q4/bin/../lib/gcc/arm-none-eabi/4.7.3/../../../../arm-none-eabi/lib/armv7e-m\libg.a(lib_a-findfp.o)
 .ARM.attributes
                0x00000973       0x2e c:/program files/gnu tools arm embedded/4.7 2012q4/bin/../lib/gcc/arm-none-eabi/4.7.3/../../../../arm-none-eabi/lib/armv7e-m\libg.a(lib_a-freer.o)
 .ARM.attributes
                0x000009a1       0x2e c:/program files/gnu tools arm embedded/4.7 2012q4/bin/../lib/gcc/arm-none-eabi/4.7.3/../../../../arm-none-eabi/lib/armv7e-m\libg.a(lib_a-fwalk.o)
 .ARM.attributes
                0x000009cf       0x2e c:/program files/gnu tools arm embedded/4.7 2012q4/bin/../lib/gcc/arm-none-eabi/4.7.3/../../../../arm-none-eabi/lib/armv7e-m\libg.a(lib_a-makebuf.o)
 .ARM.attributes
                0x000009fd       0x2e c:/program files/gnu tools arm embedded/4.7 2012q4/bin/../lib/gcc/arm-none-eabi/4.7.3/../../../../arm-none-eabi/lib/armv7e-m\libg.a(lib_a-reent.o)
 .ARM.attributes
                0x00000a2b       0x2e c:/program files/gnu tools arm embedded/4.7 2012q4/bin/../lib/gcc/arm-none-eabi/4.7.3/../../../../arm-none-eabi/lib/armv7e-m\libg.a(lib_a-stdio.o)
 .ARM.attributes
                0x00000a59       0x2e c:/program files/gnu tools arm embedded/4.7 2012q4/bin/../lib/gcc/arm-none-eabi/4.7.3/../../../../arm-none-eabi/lib/armv7e-m\libg.a(lib_a-writer.o)
 .ARM.attributes
                0x00000a87       0x2e c:/program files/gnu tools arm embedded/4.7 2012q4/bin/../lib/gcc/arm-none-eabi/4.7.3/../../../../arm-none-eabi/lib/armv7e-m\libg.a(lib_a-closer.o)
 .ARM.attributes
                0x00000ab5       0x2e c:/program files/gnu tools arm embedded/4.7 2012q4/bin/../lib/gcc/arm-none-eabi/4.7.3/../../../../arm-none-eabi/lib/armv7e-m\libg.a(lib_a-fclose.o)
 .ARM.attributes
                0x00000ae3       0x2e c:/program files/gnu tools arm embedded/4.7 2012q4/bin/../lib/gcc/arm-none-eabi/4.7.3/../../../../arm-none-eabi/lib/armv7e-m\libg.a(lib_a-fstatr.o)
 .ARM.attributes
                0x00000b11       0x2e c:/program files/gnu tools arm embedded/4.7 2012q4/bin/../lib/gcc/arm-none-eabi/4.7.3/../../../../arm-none-eabi/lib/armv7e-m\libg.a(lib_a-isattyr.o)
 .ARM.attributes
                0x00000b3f       0x2e c:/program files/gnu tools arm embedded/4.7 2012q4/bin/../lib/gcc/arm-none-eabi/4.7.3/../../../../arm-none-eabi/lib/armv7e-m\libg.a(lib_a-lseekr.o)
 .ARM.attributes
                0x00000b6d       0x2e c:/program files/gnu tools arm embedded/4.7 2012q4/bin/../lib/gcc/arm-none-eabi/4.7.3/../../../../arm-none-eabi/lib/armv7e-m\libg.a(lib_a-readr.o)

.debug_frame    0x00000000     0x378c
 .debug_frame   0x00000000       0xbc ..\obj\stm32f4xx_syscfg.o
 .debug_frame   0x000000bc       0xc0 ..\obj\mem.o
 .debug_frame   0x0000017c      0x3b8 ..\obj\tcp.o
 .debug_frame   0x00000534       0xe4 ..\obj\tcp_in.o
 .debug_frame   0x00000618       0x64 ..\obj\memp.o
 .debug_frame   0x0000067c      0x184 ..\obj\autoip.o
 .debug_frame   0x00000800      0x110 ..\obj\ip_frag.o
 .debug_frame   0x00000910       0x48 ..\obj\startup_stm32f4xx.o
 .debug_frame   0x00000958       0xc4 ..\obj\stm32f4_discovery.o
 .debug_frame   0x00000a1c      0x904 ..\obj\stm32f4x7_eth.o
 .debug_frame   0x00001320       0x2c ..\obj\ip_addr.o
 .debug_frame   0x0000134c       0x90 ..\obj\inet_chksum.o
 .debug_frame   0x000013dc       0x7c ..\obj\main.o
 .debug_frame   0x00001458      0x4d8 ..\obj\stm32f4xx_rcc.o
 .debug_frame   0x00001930       0x6c ..\obj\netconf.o
 .debug_frame   0x0000199c      0x108 ..\obj\stm32f4xx_it.o
 .debug_frame   0x00001aa4      0x110 ..\obj\tcp_echoserver.o
 .debug_frame   0x00001bb4      0x10c ..\obj\stm32f4x7_eth_bsp.o
 .debug_frame   0x00001cc0       0xb0 ..\obj\ethernetif.o
 .debug_frame   0x00001d70      0x1b0 ..\obj\etharp.o
 .debug_frame   0x00001f20      0x1a0 ..\obj\pbuf.o
 .debug_frame   0x000020c0       0xe4 ..\obj\inet.o
 .debug_frame   0x000021a4      0x158 ..\obj\netif.o
 .debug_frame   0x000022fc      0x19c ..\obj\stm32f4xx_gpio.o
 .debug_frame   0x00002498      0x108 ..\obj\syscalls.o
 .debug_frame   0x000025a0      0x144 ..\obj\udp.o
 .debug_frame   0x000026e4       0x90 ..\obj\ip.o
 .debug_frame   0x00002774       0xec ..\obj\stm32f4xx_exti.o
 .debug_frame   0x00002860       0x90 ..\obj\icmp.o
 .debug_frame   0x000028f0       0x9c ..\obj\misc.o
 .debug_frame   0x0000298c      0x46c ..\obj\dhcp.o
 .debug_frame   0x00002df8      0x1b8 ..\obj\tcp_out.o
 .debug_frame   0x00002fb0      0x104 ..\obj\raw.o
 .debug_frame   0x000030b4       0x2c c:/program files/gnu tools arm embedded/4.7 2012q4/bin/../lib/gcc/arm-none-eabi/4.7.3/../../../../arm-none-eabi/lib/armv7e-m\libg.a(lib_a-memcmp.o)
 .debug_frame   0x000030e0       0x30 c:/program files/gnu tools arm embedded/4.7 2012q4/bin/../lib/gcc/arm-none-eabi/4.7.3/../../../../arm-none-eabi/lib/armv7e-m\libg.a(lib_a-memcpy.o)
 .debug_frame   0x00003110       0x2c c:/program files/gnu tools arm embedded/4.7 2012q4/bin/../lib/gcc/arm-none-eabi/4.7.3/../../../../arm-none-eabi/lib/armv7e-m\libg.a(lib_a-memset.o)
 .debug_frame   0x0000313c       0x3c c:/program files/gnu tools arm embedded/4.7 2012q4/bin/../lib/gcc/arm-none-eabi/4.7.3/../../../../arm-none-eabi/lib/armv7e-m\libg.a(lib_a-puts.o)
 .debug_frame   0x00003178       0x20 c:/program files/gnu tools arm embedded/4.7 2012q4/bin/../lib/gcc/arm-none-eabi/4.7.3/../../../../arm-none-eabi/lib/armv7e-m\libg.a(lib_a-strlen.o)
 .debug_frame   0x00003198       0x38 c:/program files/gnu tools arm embedded/4.7 2012q4/bin/../lib/gcc/arm-none-eabi/4.7.3/../../../../arm-none-eabi/lib/armv7e-m\libg.a(lib_a-fvwrite.o)
 .debug_frame   0x000031d0       0x38 c:/program files/gnu tools arm embedded/4.7 2012q4/bin/../lib/gcc/arm-none-eabi/4.7.3/../../../../arm-none-eabi/lib/armv7e-m\libg.a(lib_a-mallocr.o)
 .debug_frame   0x00003208       0x2c c:/program files/gnu tools arm embedded/4.7 2012q4/bin/../lib/gcc/arm-none-eabi/4.7.3/../../../../arm-none-eabi/lib/armv7e-m\libg.a(lib_a-memchr.o)
 .debug_frame   0x00003234       0x30 c:/program files/gnu tools arm embedded/4.7 2012q4/bin/../lib/gcc/arm-none-eabi/4.7.3/../../../../arm-none-eabi/lib/armv7e-m\libg.a(lib_a-memmove.o)
 .debug_frame   0x00003264       0x30 c:/program files/gnu tools arm embedded/4.7 2012q4/bin/../lib/gcc/arm-none-eabi/4.7.3/../../../../arm-none-eabi/lib/armv7e-m\libg.a(lib_a-mlock.o)
 .debug_frame   0x00003294       0x38 c:/program files/gnu tools arm embedded/4.7 2012q4/bin/../lib/gcc/arm-none-eabi/4.7.3/../../../../arm-none-eabi/lib/armv7e-m\libg.a(lib_a-reallocr.o)
 .debug_frame   0x000032cc       0x2c c:/program files/gnu tools arm embedded/4.7 2012q4/bin/../lib/gcc/arm-none-eabi/4.7.3/../../../../arm-none-eabi/lib/armv7e-m\libg.a(lib_a-sbrkr.o)
 .debug_frame   0x000032f8       0x2c c:/program files/gnu tools arm embedded/4.7 2012q4/bin/../lib/gcc/arm-none-eabi/4.7.3/../../../../arm-none-eabi/lib/armv7e-m\libg.a(lib_a-wsetup.o)
 .debug_frame   0x00003324       0x40 c:/program files/gnu tools arm embedded/4.7 2012q4/bin/../lib/gcc/arm-none-eabi/4.7.3/../../../../arm-none-eabi/lib/armv7e-m\libg.a(lib_a-fflush.o)
 .debug_frame   0x00003364      0x11c c:/program files/gnu tools arm embedded/4.7 2012q4/bin/../lib/gcc/arm-none-eabi/4.7.3/../../../../arm-none-eabi/lib/armv7e-m\libg.a(lib_a-findfp.o)
 .debug_frame   0x00003480       0x50 c:/program files/gnu tools arm embedded/4.7 2012q4/bin/../lib/gcc/arm-none-eabi/4.7.3/../../../../arm-none-eabi/lib/armv7e-m\libg.a(lib_a-freer.o)
 .debug_frame   0x000034d0       0x5c c:/program files/gnu tools arm embedded/4.7 2012q4/bin/../lib/gcc/arm-none-eabi/4.7.3/../../../../arm-none-eabi/lib/armv7e-m\libg.a(lib_a-fwalk.o)
 .debug_frame   0x0000352c       0x30 c:/program files/gnu tools arm embedded/4.7 2012q4/bin/../lib/gcc/arm-none-eabi/4.7.3/../../../../arm-none-eabi/lib/armv7e-m\libg.a(lib_a-makebuf.o)
 .debug_frame   0x0000355c       0x6c c:/program files/gnu tools arm embedded/4.7 2012q4/bin/../lib/gcc/arm-none-eabi/4.7.3/../../../../arm-none-eabi/lib/armv7e-m\libg.a(lib_a-reent.o)
 .debug_frame   0x000035c8       0x80 c:/program files/gnu tools arm embedded/4.7 2012q4/bin/../lib/gcc/arm-none-eabi/4.7.3/../../../../arm-none-eabi/lib/armv7e-m\libg.a(lib_a-stdio.o)
 .debug_frame   0x00003648       0x2c c:/program files/gnu tools arm embedded/4.7 2012q4/bin/../lib/gcc/arm-none-eabi/4.7.3/../../../../arm-none-eabi/lib/armv7e-m\libg.a(lib_a-writer.o)
 .debug_frame   0x00003674       0x2c c:/program files/gnu tools arm embedded/4.7 2012q4/bin/../lib/gcc/arm-none-eabi/4.7.3/../../../../arm-none-eabi/lib/armv7e-m\libg.a(lib_a-closer.o)
 .debug_frame   0x000036a0       0x3c c:/program files/gnu tools arm embedded/4.7 2012q4/bin/../lib/gcc/arm-none-eabi/4.7.3/../../../../arm-none-eabi/lib/armv7e-m\libg.a(lib_a-fclose.o)
 .debug_frame   0x000036dc       0x2c c:/program files/gnu tools arm embedded/4.7 2012q4/bin/../lib/gcc/arm-none-eabi/4.7.3/../../../../arm-none-eabi/lib/armv7e-m\libg.a(lib_a-fstatr.o)
 .debug_frame   0x00003708       0x2c c:/program files/gnu tools arm embedded/4.7 2012q4/bin/../lib/gcc/arm-none-eabi/4.7.3/../../../../arm-none-eabi/lib/armv7e-m\libg.a(lib_a-isattyr.o)
 .debug_frame   0x00003734       0x2c c:/program files/gnu tools arm embedded/4.7 2012q4/bin/../lib/gcc/arm-none-eabi/4.7.3/../../../../arm-none-eabi/lib/armv7e-m\libg.a(lib_a-lseekr.o)
 .debug_frame   0x00003760       0x2c c:/program files/gnu tools arm embedded/4.7 2012q4/bin/../lib/gcc/arm-none-eabi/4.7.3/../../../../arm-none-eabi/lib/armv7e-m\libg.a(lib_a-readr.o)
